../Core/Src/main.c:137:6:HAL_CAN_RxFifo0MsgPendingCallback	16	static
../Core/Src/main.c:154:5:main	8	static
../Core/Src/main.c:222:6:SystemClock_Config	88	static
../Core/Src/main.c:260:13:MX_ADC_Init	24	static
../Core/Src/main.c:314:13:MX_CAN_Init	48	static
../Core/Src/main.c:372:13:MX_SPI1_Init	8	static
../Core/Src/main.c:412:13:MX_SPI2_Init	8	static
../Core/Src/main.c:452:13:MX_GPIO_Init	48	static
../Core/Src/main.c:497:6:tmc5160_readWriteArray	40	static
../Core/Src/main.c:506:6:TMC5160_SPIWriteInt	24	static
../Core/Src/main.c:529:6:Error_Handler	8	static,ignoring_inline_asm
