../Core/Src/main.c:164:6:HAL_CAN_RxFifo0MsgPendingCallback	16	static
../Core/Src/main.c:174:6:HAL_GPIO_EXTI_Callback	24	static
../Core/Src/main.c:212:5:main	8	static
../Core/Src/main.c:325:6:SystemClock_Config	88	static
../Core/Src/main.c:363:13:MX_ADC_Init	24	static
../Core/Src/main.c:417:13:MX_CAN_Init	48	static
../Core/Src/main.c:475:13:MX_SPI1_Init	8	static
../Core/Src/main.c:515:13:MX_SPI2_Init	8	static
../Core/Src/main.c:555:13:MX_GPIO_Init	48	static
../Core/Src/main.c:612:10:TMC5160_SPIWrite	40	static
../Core/Src/main.c:647:10:AMS5055_SPIWriteInt	24	static
../Core/Src/main.c:701:6:AMS_Delay	24	static
../Core/Src/main.c:726:6:AMS5055_Basic_Init	16	static
../Core/Src/main.c:789:9:AMSParity	24	static
../Core/Src/main.c:807:10:AMS5055_Get_Position	8	static
../Core/Src/main.c:833:6:Error_Handler	8	static,ignoring_inline_asm
