../Core/Inc/Summit/SSM1ST2420HC.c:16:6:TMC5160_Basic_Init	24	static
../Core/Inc/Summit/SSM1ST2420HC.c:87:6:TMC5160_Init_Stealthchop	8	static
../Core/Inc/Summit/SSM1ST2420HC.c:96:6:TMC5160_Init_Stallguard	24	static
../Core/Inc/Summit/SSM1ST2420HC.c:133:5:TMC5160_Monitor_Stallguard	24	static
../Core/Inc/Summit/SSM1ST2420HC.c:168:6:TMC5160_Basic_Rotate	16	static
../Core/Inc/Summit/SSM1ST2420HC.c:192:6:TMC5160_Rotate_To	32	static
../Core/Inc/Summit/SSM1ST2420HC.c:250:10:TMC_Get_Position	16	static
../Core/Inc/Summit/SSM1ST2420HC.c:267:6:TMC5160_Stop	8	static
../Core/Inc/Summit/SSM1ST2420HC.c:272:6:Drive_Enable	16	static
../Core/Inc/Summit/SSM1ST2420HC.c:288:10:TMC5160_SPIWrite	64	static
../Core/Inc/Summit/SSM1ST2420HC.c:325:6:AMS5055_Basic_Init	8	static
../Core/Inc/Summit/SSM1ST2420HC.c:330:10:AMS5055_Get_Position	32	static
../Core/Inc/Summit/SSM1ST2420HC.c:394:9:AMSParity	24	static
../Core/Inc/Summit/SSM1ST2420HC.c:411:10:AMS5055_SPIWriteInt	48	static
../Core/Inc/Summit/SSM1ST2420HC.c:475:10:ENC_Get_Position	16	static
../Core/Inc/Summit/SSM1ST2420HC.c:490:6:Toggle_OUT	16	static
../Core/Inc/Summit/SSM1ST2420HC.c:507:5:Read_IN	24	static
../Core/Inc/Summit/SSM1ST2420HC.c:525:10:Read_AIN	16	static
