../Core/Src/main.c:107:6:HAL_CAN_RxFifo0MsgPendingCallback	16	static
../Core/Src/main.c:118:6:HAL_GPIO_EXTI_Callback	16	static
../Core/Src/main.c:131:5:main	8	static
../Core/Src/main.c:349:6:SystemClock_Config	88	static
../Core/Src/main.c:386:13:MX_ADC_Init	24	static
../Core/Src/main.c:440:13:MX_CAN_Init	48	static
../Core/Src/main.c:498:13:MX_SPI1_Init	8	static
../Core/Src/main.c:538:13:MX_SPI2_Init	8	static
../Core/Src/main.c:578:13:MX_GPIO_Init	48	static
../Core/Src/main.c:632:6:Error_Handler	8	static,ignoring_inline_asm
