../Core/Inc/Summit/SSM1ST2420HC.c:22:6:TMC5160_Basic_Init	24	static
../Core/Inc/Summit/SSM1ST2420HC.c:93:6:TMC5160_Init_Stealthchop	8	static
../Core/Inc/Summit/SSM1ST2420HC.c:102:6:TMC5160_Init_Stallguard	24	static
../Core/Inc/Summit/SSM1ST2420HC.c:139:5:TMC5160_Monitor_Stallguard	24	static
../Core/Inc/Summit/SSM1ST2420HC.c:174:6:TMC5160_Basic_Rotate	16	static
../Core/Inc/Summit/SSM1ST2420HC.c:198:6:TMC5160_Rotate_To	32	static
../Core/Inc/Summit/SSM1ST2420HC.c:256:10:TMC_Get_Position	16	static
../Core/Inc/Summit/SSM1ST2420HC.c:273:6:TMC5160_Stop	8	static
../Core/Inc/Summit/SSM1ST2420HC.c:278:6:Drive_Enable	16	static
../Core/Inc/Summit/SSM1ST2420HC.c:294:10:TMC5160_SPIWrite	64	static
../Core/Inc/Summit/SSM1ST2420HC.c:331:6:AMS5055_Basic_Init	8	static
../Core/Inc/Summit/SSM1ST2420HC.c:336:10:AMS5055_Get_Position	32	static
../Core/Inc/Summit/SSM1ST2420HC.c:399:9:AMSParity	24	static
../Core/Inc/Summit/SSM1ST2420HC.c:416:10:AMS5055_SPIWriteInt	48	static
../Core/Inc/Summit/SSM1ST2420HC.c:480:10:ENC_Get_Position	16	static
../Core/Inc/Summit/SSM1ST2420HC.c:495:6:Toggle_OUT	16	static
../Core/Inc/Summit/SSM1ST2420HC.c:512:5:Read_IN	24	static
../Core/Inc/Summit/SSM1ST2420HC.c:530:10:Read_AIN	16	static
