../Core/Inc/tmc/ic/TMC5160/TMC5160.c:17:6:tmc5160_writeDatagram	40	static
../Core/Inc/tmc/ic/TMC5160/TMC5160.c:31:6:tmc5160_writeInt	40	static
../Core/Inc/tmc/ic/TMC5160/TMC5160.c:37:9:tmc5160_readInt	32	static
../Core/Inc/tmc/ic/TMC5160/TMC5160.c:62:6:tmc5160_init	32	static
../Core/Inc/tmc/ic/TMC5160/TMC5160.c:85:6:tmc5160_fillShadowRegisters	24	static
../Core/Inc/tmc/ic/TMC5160/TMC5160.c:118:9:tmc5160_reset	24	static
../Core/Inc/tmc/ic/TMC5160/TMC5160.c:139:9:tmc5160_restore	16	static
../Core/Inc/tmc/ic/TMC5160/TMC5160.c:151:6:tmc5160_setRegisterResetState	24	static
../Core/Inc/tmc/ic/TMC5160/TMC5160.c:161:6:tmc5160_setCallback	16	static
../Core/Inc/tmc/ic/TMC5160/TMC5160.c:167:13:writeConfiguration	24	static
../Core/Inc/tmc/ic/TMC5160/TMC5160.c:208:6:tmc5160_periodicJob	32	static
../Core/Inc/tmc/ic/TMC5160/TMC5160.c:232:6:tmc5160_rotate	16	static
../Core/Inc/tmc/ic/TMC5160/TMC5160.c:241:6:tmc5160_right	16	static
../Core/Inc/tmc/ic/TMC5160/TMC5160.c:247:6:tmc5160_left	16	static
../Core/Inc/tmc/ic/TMC5160/TMC5160.c:253:6:tmc5160_stop	16	static
../Core/Inc/tmc/ic/TMC5160/TMC5160.c:259:6:tmc5160_moveTo	24	static
../Core/Inc/tmc/ic/TMC5160/TMC5160.c:272:6:tmc5160_moveBy	24	static
../Core/Inc/tmc/ic/TMC5160/TMC5160.c:280:9:tmc5160_consistencyCheck	32	static
