../Core/Inc/Summit/SSM1ST2420HC.c:12:6:TMC5160_Basic_Init	8	static
../Core/Inc/Summit/SSM1ST2420HC.c:118:6:TMC5160_Basic_Rotate	16	static
../Core/Inc/Summit/SSM1ST2420HC.c:172:6:TMC5160_Rotate_To	40	static
../Core/Inc/Summit/SSM1ST2420HC.c:252:10:TMC_Get_Position	16	static
../Core/Inc/Summit/SSM1ST2420HC.c:269:6:TMC5160_Stop	8	static
../Core/Inc/Summit/SSM1ST2420HC.c:297:10:TMC5160_SPIWrite	64	static
../Core/Inc/Summit/SSM1ST2420HC.c:334:6:AMS5055_Basic_Init	8	static
../Core/Inc/Summit/SSM1ST2420HC.c:339:10:AMS5055_Get_Position	32	static
../Core/Inc/Summit/SSM1ST2420HC.c:403:9:AMSParity	24	static
../Core/Inc/Summit/SSM1ST2420HC.c:420:10:AMS5055_SPIWriteInt	48	static
../Core/Inc/Summit/SSM1ST2420HC.c:484:10:ENC_Get_Position	16	static
../Core/Inc/Summit/SSM1ST2420HC.c:499:6:Toggle_OUT	16	static
../Core/Inc/Summit/SSM1ST2420HC.c:516:5:Read_IN	24	static
../Core/Inc/Summit/SSM1ST2420HC.c:534:10:Read_AIN	16	static
