../Core/Inc/Summit/SSM1ST2420HC.c:21:6:TMC5160_Basic_Init	24	static
../Core/Inc/Summit/SSM1ST2420HC.c:96:6:TMC5160_Init_Stealthchop	8	static
../Core/Inc/Summit/SSM1ST2420HC.c:105:6:TMC5160_Init_Stallguard	24	static
../Core/Inc/Summit/SSM1ST2420HC.c:142:5:TMC5160_Monitor_Stallguard	24	static
../Core/Inc/Summit/SSM1ST2420HC.c:179:6:TMC5160_Basic_Rotate	16	static
../Core/Inc/Summit/SSM1ST2420HC.c:203:6:TMC5160_Rotate_To	32	static
../Core/Inc/Summit/SSM1ST2420HC.c:261:10:TMC_Get_Position	16	static
../Core/Inc/Summit/SSM1ST2420HC.c:278:6:TMC5160_Stop	8	static
../Core/Inc/Summit/SSM1ST2420HC.c:283:6:Drive_Enable	24	static
../Core/Inc/Summit/SSM1ST2420HC.c:329:10:TMC5160_Check_SG_Result	48	static
../Core/Inc/Summit/SSM1ST2420HC.c:348:10:TMC5160_Check_CS_Actual	48	static
../Core/Inc/Summit/SSM1ST2420HC.c:368:10:TMC5160_SPIWrite	64	static
../Core/Inc/Summit/SSM1ST2420HC.c:429:6:TMC5160_Fault_monitor	16	static
../Core/Inc/Summit/SSM1ST2420HC.c:474:6:AMS5055_Basic_Init	8	static
../Core/Inc/Summit/SSM1ST2420HC.c:479:10:AMS5055_Get_Position	32	static
../Core/Inc/Summit/SSM1ST2420HC.c:543:9:AMSParity	24	static
../Core/Inc/Summit/SSM1ST2420HC.c:560:10:AMS5055_SPIWriteInt	48	static
../Core/Inc/Summit/SSM1ST2420HC.c:624:10:ENC_Get_Position	16	static
../Core/Inc/Summit/SSM1ST2420HC.c:639:6:Toggle_OUT	16	static
../Core/Inc/Summit/SSM1ST2420HC.c:656:5:Read_IN	24	static
../Core/Inc/Summit/SSM1ST2420HC.c:674:10:Read_AIN	16	static
