../Core/Inc/Summit/SSM1ST2420HC.c:16:6:TMC5160_Basic_Init	24	static
../Core/Inc/Summit/SSM1ST2420HC.c:77:6:TMC5160_Init_Stealthchop	8	static
../Core/Inc/Summit/SSM1ST2420HC.c:86:6:TMC5160_Init_Stallguard	24	static
../Core/Inc/Summit/SSM1ST2420HC.c:123:5:TMC5160_Monitor_Stallguard	24	static
../Core/Inc/Summit/SSM1ST2420HC.c:158:6:TMC5160_Basic_Rotate	16	static
../Core/Inc/Summit/SSM1ST2420HC.c:182:6:TMC5160_Rotate_To	32	static
../Core/Inc/Summit/SSM1ST2420HC.c:240:10:TMC_Get_Position	16	static
../Core/Inc/Summit/SSM1ST2420HC.c:257:6:TMC5160_Stop	8	static
../Core/Inc/Summit/SSM1ST2420HC.c:263:6:Drive_Enable	16	static
../Core/Inc/Summit/SSM1ST2420HC.c:279:10:TMC5160_SPIWrite	64	static
../Core/Inc/Summit/SSM1ST2420HC.c:316:6:AMS5055_Basic_Init	8	static
../Core/Inc/Summit/SSM1ST2420HC.c:321:10:AMS5055_Get_Position	32	static
../Core/Inc/Summit/SSM1ST2420HC.c:385:9:AMSParity	24	static
../Core/Inc/Summit/SSM1ST2420HC.c:402:10:AMS5055_SPIWriteInt	48	static
../Core/Inc/Summit/SSM1ST2420HC.c:466:10:ENC_Get_Position	16	static
../Core/Inc/Summit/SSM1ST2420HC.c:481:6:Toggle_OUT	16	static
../Core/Inc/Summit/SSM1ST2420HC.c:498:5:Read_IN	24	static
../Core/Inc/Summit/SSM1ST2420HC.c:516:10:Read_AIN	16	static
