../Core/Inc/tmc/ic/TMC5160/TMC5160.c:20:6:tmc5160_writeDatagram	40	static
../Core/Inc/tmc/ic/TMC5160/TMC5160.c:34:6:tmc5160_writeInt	40	static
../Core/Inc/tmc/ic/TMC5160/TMC5160.c:40:9:tmc5160_readInt	32	static
../Core/Inc/tmc/ic/TMC5160/TMC5160.c:65:6:tmc5160_init	24	static
../Core/Inc/tmc/ic/TMC5160/TMC5160.c:87:6:TMC5160_Basic_Init	8	static
../Core/Inc/tmc/ic/TMC5160/TMC5160.c:139:6:TMC5160_Basic_Rotate	16	static
../Core/Inc/tmc/ic/TMC5160/TMC5160.c:171:6:TMC5160_Rotate_To	832	static
../Core/Inc/tmc/ic/TMC5160/TMC5160.c:215:6:TMC5160_Stop	8	static
../Core/Inc/tmc/ic/TMC5160/TMC5160.c:231:6:tmc5160_fillShadowRegisters	24	static
../Core/Inc/tmc/ic/TMC5160/TMC5160.c:264:9:tmc5160_reset	24	static
../Core/Inc/tmc/ic/TMC5160/TMC5160.c:285:9:tmc5160_restore	16	static
../Core/Inc/tmc/ic/TMC5160/TMC5160.c:297:6:tmc5160_setRegisterResetState	24	static
../Core/Inc/tmc/ic/TMC5160/TMC5160.c:307:6:tmc5160_setCallback	16	static
../Core/Inc/tmc/ic/TMC5160/TMC5160.c:313:13:writeConfiguration	24	static
../Core/Inc/tmc/ic/TMC5160/TMC5160.c:354:6:tmc5160_periodicJob	32	static
../Core/Inc/tmc/ic/TMC5160/TMC5160.c:378:6:tmc5160_rotate	16	static
../Core/Inc/tmc/ic/TMC5160/TMC5160.c:387:6:tmc5160_right	16	static
../Core/Inc/tmc/ic/TMC5160/TMC5160.c:393:6:tmc5160_left	16	static
../Core/Inc/tmc/ic/TMC5160/TMC5160.c:399:6:tmc5160_stop	16	static
../Core/Inc/tmc/ic/TMC5160/TMC5160.c:405:6:tmc5160_moveTo	24	static
../Core/Inc/tmc/ic/TMC5160/TMC5160.c:418:6:tmc5160_moveBy	24	static
../Core/Inc/tmc/ic/TMC5160/TMC5160.c:426:9:tmc5160_consistencyCheck	32	static
