../Core/Src/main.c:148:6:HAL_CAN_RxFifo0MsgPendingCallback	16	static
../Core/Src/main.c:158:6:HAL_GPIO_EXTI_Callback	16	static
../Core/Src/main.c:173:5:main	2024	static
../Core/Src/main.c:271:6:SystemClock_Config	88	static
../Core/Src/main.c:308:13:MX_ADC_Init	24	static
../Core/Src/main.c:362:13:MX_CAN_Init	48	static
../Core/Src/main.c:420:13:MX_SPI1_Init	8	static
../Core/Src/main.c:460:13:MX_SPI2_Init	8	static
../Core/Src/main.c:500:13:MX_GPIO_Init	48	static
../Core/Src/main.c:560:6:Error_Handler	8	static,ignoring_inline_asm
