Archive member included to satisfy reference by file (symbol)

c:/st/stm32cubeide_1.9.0/stm32cubeide/plugins/com.st.stm32cube.ide.mcu.externaltools.gnu-tools-for-stm32.10.3-2021.10.win32_1.0.0.202111181127/tools/bin/../lib/gcc/arm-none-eabi/10.3.1/../../../../arm-none-eabi/lib/thumb/v6-m/nofp\libc_nano.a(lib_a-errno.o)
                              ./Core/Src/syscalls.o (__errno)
c:/st/stm32cubeide_1.9.0/stm32cubeide/plugins/com.st.stm32cube.ide.mcu.externaltools.gnu-tools-for-stm32.10.3-2021.10.win32_1.0.0.202111181127/tools/bin/../lib/gcc/arm-none-eabi/10.3.1/../../../../arm-none-eabi/lib/thumb/v6-m/nofp\libc_nano.a(lib_a-exit.o)
                              c:/st/stm32cubeide_1.9.0/stm32cubeide/plugins/com.st.stm32cube.ide.mcu.externaltools.gnu-tools-for-stm32.10.3-2021.10.win32_1.0.0.202111181127/tools/bin/../lib/gcc/arm-none-eabi/10.3.1/../../../../arm-none-eabi/lib/thumb/v6-m/nofp/crt0.o (exit)
c:/st/stm32cubeide_1.9.0/stm32cubeide/plugins/com.st.stm32cube.ide.mcu.externaltools.gnu-tools-for-stm32.10.3-2021.10.win32_1.0.0.202111181127/tools/bin/../lib/gcc/arm-none-eabi/10.3.1/../../../../arm-none-eabi/lib/thumb/v6-m/nofp\libc_nano.a(lib_a-impure.o)
                              c:/st/stm32cubeide_1.9.0/stm32cubeide/plugins/com.st.stm32cube.ide.mcu.externaltools.gnu-tools-for-stm32.10.3-2021.10.win32_1.0.0.202111181127/tools/bin/../lib/gcc/arm-none-eabi/10.3.1/../../../../arm-none-eabi/lib/thumb/v6-m/nofp\libc_nano.a(lib_a-exit.o) (_global_impure_ptr)
c:/st/stm32cubeide_1.9.0/stm32cubeide/plugins/com.st.stm32cube.ide.mcu.externaltools.gnu-tools-for-stm32.10.3-2021.10.win32_1.0.0.202111181127/tools/bin/../lib/gcc/arm-none-eabi/10.3.1/../../../../arm-none-eabi/lib/thumb/v6-m/nofp\libc_nano.a(lib_a-init.o)
                              c:/st/stm32cubeide_1.9.0/stm32cubeide/plugins/com.st.stm32cube.ide.mcu.externaltools.gnu-tools-for-stm32.10.3-2021.10.win32_1.0.0.202111181127/tools/bin/../lib/gcc/arm-none-eabi/10.3.1/../../../../arm-none-eabi/lib/thumb/v6-m/nofp/crt0.o (__libc_init_array)
c:/st/stm32cubeide_1.9.0/stm32cubeide/plugins/com.st.stm32cube.ide.mcu.externaltools.gnu-tools-for-stm32.10.3-2021.10.win32_1.0.0.202111181127/tools/bin/../lib/gcc/arm-none-eabi/10.3.1/../../../../arm-none-eabi/lib/thumb/v6-m/nofp\libc_nano.a(lib_a-memset.o)
                              c:/st/stm32cubeide_1.9.0/stm32cubeide/plugins/com.st.stm32cube.ide.mcu.externaltools.gnu-tools-for-stm32.10.3-2021.10.win32_1.0.0.202111181127/tools/bin/../lib/gcc/arm-none-eabi/10.3.1/../../../../arm-none-eabi/lib/thumb/v6-m/nofp/crt0.o (memset)
c:/st/stm32cubeide_1.9.0/stm32cubeide/plugins/com.st.stm32cube.ide.mcu.externaltools.gnu-tools-for-stm32.10.3-2021.10.win32_1.0.0.202111181127/tools/bin/../lib/gcc/arm-none-eabi/10.3.1/thumb/v6-m/nofp\libgcc.a(_udivsi3.o)
                              ./Core/Inc/tmc/ramp/LinearRamp1.o (__aeabi_uidiv)
c:/st/stm32cubeide_1.9.0/stm32cubeide/plugins/com.st.stm32cube.ide.mcu.externaltools.gnu-tools-for-stm32.10.3-2021.10.win32_1.0.0.202111181127/tools/bin/../lib/gcc/arm-none-eabi/10.3.1/thumb/v6-m/nofp\libgcc.a(_divsi3.o)
                              ./Core/Inc/tmc/helpers/Functions.o (__aeabi_idiv)
c:/st/stm32cubeide_1.9.0/stm32cubeide/plugins/com.st.stm32cube.ide.mcu.externaltools.gnu-tools-for-stm32.10.3-2021.10.win32_1.0.0.202111181127/tools/bin/../lib/gcc/arm-none-eabi/10.3.1/thumb/v6-m/nofp\libgcc.a(_dvmd_tls.o)
                              c:/st/stm32cubeide_1.9.0/stm32cubeide/plugins/com.st.stm32cube.ide.mcu.externaltools.gnu-tools-for-stm32.10.3-2021.10.win32_1.0.0.202111181127/tools/bin/../lib/gcc/arm-none-eabi/10.3.1/thumb/v6-m/nofp\libgcc.a(_udivsi3.o) (__aeabi_idiv0)
c:/st/stm32cubeide_1.9.0/stm32cubeide/plugins/com.st.stm32cube.ide.mcu.externaltools.gnu-tools-for-stm32.10.3-2021.10.win32_1.0.0.202111181127/tools/bin/../lib/gcc/arm-none-eabi/10.3.1/thumb/v6-m/nofp\libgcc.a(_aeabi_ldivmod.o)
                              ./Core/Inc/tmc/ramp/LinearRamp.o (__aeabi_ldivmod)
c:/st/stm32cubeide_1.9.0/stm32cubeide/plugins/com.st.stm32cube.ide.mcu.externaltools.gnu-tools-for-stm32.10.3-2021.10.win32_1.0.0.202111181127/tools/bin/../lib/gcc/arm-none-eabi/10.3.1/thumb/v6-m/nofp\libgcc.a(_muldi3.o)
                              ./Core/Inc/tmc/ramp/LinearRamp.o (__aeabi_lmul)
c:/st/stm32cubeide_1.9.0/stm32cubeide/plugins/com.st.stm32cube.ide.mcu.externaltools.gnu-tools-for-stm32.10.3-2021.10.win32_1.0.0.202111181127/tools/bin/../lib/gcc/arm-none-eabi/10.3.1/thumb/v6-m/nofp\libgcc.a(_fixunssfsi.o)
                              ./Core/Inc/tmc/ic/TMC5160/TMC5160.o (__aeabi_f2uiz)
c:/st/stm32cubeide_1.9.0/stm32cubeide/plugins/com.st.stm32cube.ide.mcu.externaltools.gnu-tools-for-stm32.10.3-2021.10.win32_1.0.0.202111181127/tools/bin/../lib/gcc/arm-none-eabi/10.3.1/thumb/v6-m/nofp\libgcc.a(bpabi.o)
[...]
Memory Configuration

Name             Origin             Length             Attributes
RAM              0x0000000020000000 0x0000000000008000 xrw
FLASH            0x0000000008000000 0x0000000000040000 xr
*default*        0x0000000000000000 0xffffffffffffffff

Linker script and memory map

LOAD c:/st/stm32cubeide_1.9.0/stm32cubeide/plugins/com.st.stm32cube.ide.mcu.externaltools.gnu-tools-for-stm32.10.3-2021.10.win32_1.0.0.202111181127/tools/bin/../lib/gcc/arm-none-eabi/10.3.1/thumb/v6-m/nofp/crti.o
LOAD c:/st/stm32cubeide_1.9.0/stm32cubeide/plugins/com.st.stm32cube.ide.mcu.externaltools.gnu-tools-for-stm32.10.3-2021.10.win32_1.0.0.202111181127/tools/bin/../lib/gcc/arm-none-eabi/10.3.1/thumb/v6-m/nofp/crtbegin.o
LOAD c:/st/stm32cubeide_1.9.0/stm32cubeide/plugins/com.st.stm32cube.ide.mcu.externaltools.gnu-tools-for-stm32.10.3-2021.10.win32_1.0.0.202111181127/tools/bin/../lib/gcc/arm-none-eabi/10.3.1/../../../../arm-none-eabi/lib/thumb/v6-m/nofp/crt0.o
LOAD ./Core/Inc/tmc/helpers/CRC.o
LOAD ./Core/Inc/tmc/helpers/Functions.o
LOAD ./Core/Inc/tmc/ic/TMC5160/TMC5160.o
LOAD ./Core/Inc/tmc/ramp/LinearRamp.o
LOAD ./Core/Inc/tmc/ramp/LinearRamp1.o
LOAD ./Core/Inc/tmc/ramp/Ramp.o
LOAD ./Core/Src/main.o
LOAD ./Core/Src/stm32f0xx_hal_msp.o
LOAD ./Core/Src/stm32f0xx_it.o
LOAD ./Core/Src/syscalls.o
LOAD ./Core/Src/sysmem.o
LOAD ./Core/Src/system_stm32f0xx.o
LOAD ./Core/Startup/startup_stm32f091cctx.o
LOAD ./Drivers/STM32F0xx_HAL_Driver/Src/stm32f0xx_hal.o
LOAD ./Drivers/STM32F0xx_HAL_Driver/Src/stm32f0xx_hal_adc.o
LOAD ./Drivers/STM32F0xx_HAL_Driver/Src/stm32f0xx_hal_adc_ex.o
LOAD ./Drivers/STM32F0xx_HAL_Driver/Src/stm32f0xx_hal_can.o
LOAD ./Drivers/STM32F0xx_HAL_Driver/Src/stm32f0xx_hal_cortex.o
LOAD ./Drivers/STM32F0xx_HAL_Driver/Src/stm32f0xx_hal_dma.o
LOAD ./Drivers/STM32F0xx_HAL_Driver/Src/stm32f0xx_hal_exti.o
LOAD ./Drivers/STM32F0xx_HAL_Driver/Src/stm32f0xx_hal_flash.o
LOAD ./Drivers/STM32F0xx_HAL_Driver/Src/stm32f0xx_hal_flash_ex.o
LOAD ./Drivers/STM32F0xx_HAL_Driver/Src/stm32f0xx_hal_gpio.o
LOAD ./Drivers/STM32F0xx_HAL_Driver/Src/stm32f0xx_hal_i2c.o
LOAD ./Drivers/STM32F0xx_HAL_Driver/Src/stm32f0xx_hal_i2c_ex.o
LOAD ./Drivers/STM32F0xx_HAL_Driver/Src/stm32f0xx_hal_pwr.o
LOAD ./Drivers/STM32F0xx_HAL_Driver/Src/stm32f0xx_hal_pwr_ex.o
LOAD ./Drivers/STM32F0xx_HAL_Driver/Src/stm32f0xx_hal_rcc.o
LOAD ./Drivers/STM32F0xx_HAL_Driver/Src/stm32f0xx_hal_rcc_ex.o
LOAD ./Drivers/STM32F0xx_HAL_Driver/Src/stm32f0xx_hal_spi.o
LOAD ./Drivers/STM32F0xx_HAL_Driver/Src/stm32f0xx_hal_spi_ex.o
LOAD ./Drivers/STM32F0xx_HAL_Driver/Src/stm32f0xx_hal_tim.o
LOAD ./Drivers/STM32F0xx_HAL_Driver/Src/stm32f0xx_hal_tim_ex.o
START GROUP
LOAD c:/st/stm32cubeide_1.9.0/stm32cubeide/plugins/com.st.stm32cube.ide.mcu.externaltools.gnu-tools-for-stm32.10.3-2021.10.win32_1.0.0.202111181127/tools/bin/../lib/gcc/arm-none-eabi/10.3.1/../../../../arm-none-eabi/lib/thumb/v6-m/nofp\libc_nano.a
LOAD c:/st/stm32cubeide_1.9.0/stm32cubeide/plugins/com.st.stm32cube.ide.mcu.externaltools.gnu-tools-for-stm32.10.3-2021.10.win32_1.0.0.202111181127/tools/bin/../lib/gcc/arm-none-eabi/10.3.1/../../../../arm-none-eabi/lib/thumb/v6-m/nofp\libm.a
END GROUP
START GROUP
LOAD c:/st/stm32cubeide_1.9.0/stm32cubeide/plugins/com.st.stm32cube.ide.mcu.externaltools.gnu-tools-for-stm32.10.3-2021.10.win32_1.0.0.202111181127/tools/bin/../lib/gcc/arm-none-eabi/10.3.1/thumb/v6-m/nofp\libgcc.a
LOAD c:/st/stm32cubeide_1.9.0/stm32cubeide/plugins/com.st.stm32cube.ide.mcu.externaltools.gnu-tools-for-stm32.10.3-2021.10.win32_1.0.0.202111181127/tools/bin/../lib/gcc/arm-none-eabi/10.3.1/../../../../arm-none-eabi/lib/thumb/v6-m/nofp\libc_nano.a
END GROUP
START GROUP
LOAD c:/st/stm32cubeide_1.9.0/stm32cubeide/plugins/com.st.stm32cube.ide.mcu.externaltools.gnu-tools-for-stm32.10.3-2021.10.win32_1.0.0.202111181127/tools/bin/../lib/gcc/arm-none-eabi/10.3.1/thumb/v6-m/nofp\libgcc.a
LOAD c:/st/stm32cubeide_1.9.0/stm32cubeide/plugins/com.st.stm32cube.ide.mcu.externaltools.gnu-tools-for-stm32.10.3-2021.10.win32_1.0.0.202111181127/tools/bin/../lib/gcc/arm-none-eabi/10.3.1/../../../../arm-none-eabi/lib/thumb/v6-m/nofp\libc_nano.a
LOAD c:/st/stm32cubeide_1.9.0/stm32cubeide/plugins/com.st.stm32cube.ide.mcu.externaltools.gnu-tools-for-stm32.10.3-2021.10.win32_1.0.0.202111181127/tools/bin/../lib/gcc/arm-none-eabi/10.3.1/../../../../arm-none-eabi/lib/thumb/v6-m/nofp\libnosys.a
END GROUP
START GROUP
LOAD c:/st/stm32cubeide_1.9.0/stm32cubeide/plugins/com.st.stm32cube.ide.mcu.externaltools.gnu-tools-for-stm32.10.3-2021.10.win32_1.0.0.202111181127/tools/bin/../lib/gcc/arm-none-eabi/10.3.1/thumb/v6-m/nofp\libgcc.a
LOAD c:/st/stm32cubeide_1.9.0/stm32cubeide/plugins/com.st.stm32cube.ide.mcu.externaltools.gnu-tools-for-stm32.10.3-2021.10.win32_1.0.0.202111181127/tools/bin/../lib/gcc/arm-none-eabi/10.3.1/../../../../arm-none-eabi/lib/thumb/v6-m/nofp\libc_nano.a
LOAD c:/st/stm32cubeide_1.9.0/stm32cubeide/plugins/com.st.stm32cube.ide.mcu.externaltools.gnu-tools-for-stm32.10.3-2021.10.win32_1.0.0.202111181127/tools/bin/../lib/gcc/arm-none-eabi/10.3.1/../../../../arm-none-eabi/lib/thumb/v6-m/nofp\libnosys.a
END GROUP
LOAD c:/st/stm32cubeide_1.9.0/stm32cubeide/plugins/com.st.stm32cube.ide.mcu.externaltools.gnu-tools-for-stm32.10.3-2021.10.win32_1.0.0.202111181127/tools/bin/../lib/gcc/arm-none-eabi/10.3.1/thumb/v6-m/nofp/crtend.o
LOAD c:/st/stm32cubeide_1.9.0/stm32cubeide/plugins/com.st.stm32cube.ide.mcu.externaltools.gnu-tools-for-stm32.10.3-2021.10.win32_1.0.0.202111181127/tools/bin/../lib/gcc/arm-none-eabi/10.3.1/thumb/v6-m/nofp/crtn.o
                0x0000000020008000                _estack = (ORIGIN (RAM) + LENGTH (RAM))
                0x0000000000000200                _Min_Heap_Size = 0x200
                0x0000000000000400                _Min_Stack_Size = 0x400

.isr_vector     0x0000000008000000       0xbc
                0x0000000008000000                . = ALIGN (0x4)
 *(.isr_vector)
 .isr_vector    0x0000000008000000       0xbc ./Core/Startup/startup_stm32f091cctx.o
                0x0000000008000000                g_pfnVectors
                0x00000000080000bc                . = ALIGN (0x4)

.text           0x00000000080000bc     0x393c
                0x00000000080000bc                . = ALIGN (0x4)
 *(.text)
 .text          0x00000000080000bc       0x48 c:/st/stm32cubeide_1.9.0/stm32cubeide/plugins/com.st.stm32cube.ide.mcu.externaltools.gnu-tools-for-stm32.10.3-2021.10.win32_1.0.0.202111181127/tools/bin/../lib/gcc/arm-none-eabi/10.3.1/thumb/v6-m/nofp/crtbegin.o
 .text          0x0000000008000104      0x114 c:/st/stm32cubeide_1.9.0/stm32cubeide/plugins/com.st.stm32cube.ide.mcu.externaltools.gnu-tools-for-stm32.10.3-2021.10.win32_1.0.0.202111181127/tools/bin/../lib/gcc/arm-none-eabi/10.3.1/thumb/v6-m/nofp\libgcc.a(_udivsi3.o)
                0x0000000008000104                __aeabi_uidiv
                0x0000000008000104                __udivsi3
                0x0000000008000210                __aeabi_uidivmod
 .text          0x0000000008000218        0x4 c:/st/stm32cubeide_1.9.0/stm32cubeide/plugins/com.st.stm32cube.ide.mcu.externaltools.gnu-tools-for-stm32.10.3-2021.10.win32_1.0.0.202111181127/tools/bin/../lib/gcc/arm-none-eabi/10.3.1/thumb/v6-m/nofp\libgcc.a(_dvmd_tls.o)
                0x0000000008000218                __aeabi_idiv0
                0x0000000008000218                __aeabi_ldiv0
 *(.text*)
 .text.TMC5160_Basic_Init
                0x000000000800021c      0x254 ./Core/Inc/tmc/ic/TMC5160/TMC5160.o
                0x000000000800021c                TMC5160_Basic_Init
 .text.TMC5160_Stop
                0x0000000008000470       0x50 ./Core/Inc/tmc/ic/TMC5160/TMC5160.o
                0x0000000008000470                TMC5160_Stop
 .text.HAL_CAN_RxFifo0MsgPendingCallback
                0x00000000080004c0       0x38 ./Core/Src/main.o
                0x00000000080004c0                HAL_CAN_RxFifo0MsgPendingCallback
 .text.HAL_GPIO_EXTI_Callback
                0x00000000080004f8       0x30 ./Core/Src/main.o
                0x00000000080004f8                HAL_GPIO_EXTI_Callback
 .text.main     0x0000000008000528       0xf0 ./Core/Src/main.o
                0x0000000008000528                main
 .text.SystemClock_Config
                0x0000000008000618       0x86 ./Core/Src/main.o
                0x0000000008000618                SystemClock_Config
 *fill*         0x000000000800069e        0x2 
 .text.MX_ADC_Init
                0x00000000080006a0       0xb8 ./Core/Src/main.o
 .text.MX_CAN_Init
                0x0000000008000758       0xcc ./Core/Src/main.o
 .text.MX_SPI1_Init
                0x0000000008000824       0x7c ./Core/Src/main.o
 .text.MX_SPI2_Init
                0x00000000080008a0       0x7c ./Core/Src/main.o
 .text.MX_GPIO_Init
                0x000000000800091c      0x158 ./Core/Src/main.o
 .text.TMC5160_SPIWrite
                0x0000000008000a74       0xf0 ./Core/Src/main.o
                0x0000000008000a74                TMC5160_SPIWrite
 .text.AMS5055_SPIWriteInt
                0x0000000008000b64       0xe4 ./Core/Src/main.o
                0x0000000008000b64                AMS5055_SPIWriteInt
 .text.AMS5055_Basic_Init
                0x0000000008000c48      0x1d0 ./Core/Src/main.o
                0x0000000008000c48                AMS5055_Basic_Init
 .text.AMSParity
                0x0000000008000e18       0x68 ./Core/Src/main.o
                0x0000000008000e18                AMSParity
 .text.Error_Handler
                0x0000000008000e80        0xa ./Core/Src/main.o
                0x0000000008000e80                Error_Handler
 *fill*         0x0000000008000e8a        0x2 
 .text.HAL_MspInit
                0x0000000008000e8c       0x48 ./Core/Src/stm32f0xx_hal_msp.o
                0x0000000008000e8c                HAL_MspInit
 .text.HAL_ADC_MspInit
                0x0000000008000ed4       0x8c ./Core/Src/stm32f0xx_hal_msp.o
                0x0000000008000ed4                HAL_ADC_MspInit
 .text.HAL_CAN_MspInit
                0x0000000008000f60       0xac ./Core/Src/stm32f0xx_hal_msp.o
                0x0000000008000f60                HAL_CAN_MspInit
 .text.HAL_SPI_MspInit
                0x000000000800100c      0x114 ./Core/Src/stm32f0xx_hal_msp.o
                0x000000000800100c                HAL_SPI_MspInit
 .text.NMI_Handler
                0x0000000008001120        0x6 ./Core/Src/stm32f0xx_it.o
                0x0000000008001120                NMI_Handler
 .text.HardFault_Handler
                0x0000000008001126        0x6 ./Core/Src/stm32f0xx_it.o
                0x0000000008001126                HardFault_Handler
 .text.SVC_Handler
                0x000000000800112c        0xa ./Core/Src/stm32f0xx_it.o
                0x000000000800112c                SVC_Handler
 .text.PendSV_Handler
                0x0000000008001136        0xa ./Core/Src/stm32f0xx_it.o
                0x0000000008001136                PendSV_Handler
 .text.SysTick_Handler
                0x0000000008001140        0xe ./Core/Src/stm32f0xx_it.o
                0x0000000008001140                SysTick_Handler
 .text.EXTI0_1_IRQHandler
                0x000000000800114e       0x10 ./Core/Src/stm32f0xx_it.o
                0x000000000800114e                EXTI0_1_IRQHandler
 *fill*         0x000000000800115e        0x2 
 .text.CEC_CAN_IRQHandler
                0x0000000008001160       0x18 ./Core/Src/stm32f0xx_it.o
                0x0000000008001160                CEC_CAN_IRQHandler
 .text.SystemInit
                0x0000000008001178        0xa ./Core/Src/system_stm32f0xx.o
                0x0000000008001178                SystemInit
 *fill*         0x0000000008001182        0x2 
 .text.Reset_Handler
                0x0000000008001184       0x50 ./Core/Startup/startup_stm32f091cctx.o
                0x0000000008001184                Reset_Handler
 .text.Default_Handler
                0x00000000080011d4        0x2 ./Core/Startup/startup_stm32f091cctx.o
                0x00000000080011d4                TIM1_CC_IRQHandler
                0x00000000080011d4                TSC_IRQHandler
                0x00000000080011d4                ADC1_COMP_IRQHandler
                0x00000000080011d4                I2C1_IRQHandler
                0x00000000080011d4                RCC_CRS_IRQHandler
                0x00000000080011d4                SPI1_IRQHandler
                0x00000000080011d4                TIM6_DAC_IRQHandler
                0x00000000080011d4                DMA1_Ch1_IRQHandler
                0x00000000080011d4                EXTI2_3_IRQHandler
                0x00000000080011d4                I2C2_IRQHandler
                0x00000000080011d4                TIM17_IRQHandler
                0x00000000080011d4                RTC_IRQHandler
                0x00000000080011d4                PVD_VDDIO2_IRQHandler
                0x00000000080011d4                TIM16_IRQHandler
                0x00000000080011d4                TIM3_IRQHandler
                0x00000000080011d4                EXTI4_15_IRQHandler
                0x00000000080011d4                USART3_8_IRQHandler
                0x00000000080011d4                Default_Handler
                0x00000000080011d4                TIM14_IRQHandler
                0x00000000080011d4                TIM7_IRQHandler
                0x00000000080011d4                TIM15_IRQHandler
                0x00000000080011d4                SPI2_IRQHandler
                0x00000000080011d4                DMA1_Ch2_3_DMA2_Ch1_2_IRQHandler
                0x00000000080011d4                DMA1_Ch4_7_DMA2_Ch3_5_IRQHandler
                0x00000000080011d4                WWDG_IRQHandler
                0x00000000080011d4                TIM2_IRQHandler
                0x00000000080011d4                USART2_IRQHandler
                0x00000000080011d4                FLASH_IRQHandler
                0x00000000080011d4                USART1_IRQHandler
                0x00000000080011d4                TIM1_BRK_UP_TRG_COM_IRQHandler
 *fill*         0x00000000080011d6        0x2 
 .text.HAL_Init
                0x00000000080011d8       0x28 ./Drivers/STM32F0xx_HAL_Driver/Src/stm32f0xx_hal.o
                0x00000000080011d8                HAL_Init
 .text.HAL_InitTick
                0x0000000008001200       0x68 ./Drivers/STM32F0xx_HAL_Driver/Src/stm32f0xx_hal.o
                0x0000000008001200                HAL_InitTick
 .text.HAL_IncTick
                0x0000000008001268       0x24 ./Drivers/STM32F0xx_HAL_Driver/Src/stm32f0xx_hal.o
                0x0000000008001268                HAL_IncTick
 .text.HAL_GetTick
                0x000000000800128c       0x14 ./Drivers/STM32F0xx_HAL_Driver/Src/stm32f0xx_hal.o
                0x000000000800128c                HAL_GetTick
 .text.HAL_Delay
                0x00000000080012a0       0x48 ./Drivers/STM32F0xx_HAL_Driver/Src/stm32f0xx_hal.o
                0x00000000080012a0                HAL_Delay
 .text.HAL_ADC_Init
                0x00000000080012e8      0x280 ./Drivers/STM32F0xx_HAL_Driver/Src/stm32f0xx_hal_adc.o
                0x00000000080012e8                HAL_ADC_Init
 .text.HAL_ADC_ConfigChannel
                0x0000000008001568      0x21c ./Drivers/STM32F0xx_HAL_Driver/Src/stm32f0xx_hal_adc.o
                0x0000000008001568                HAL_ADC_ConfigChannel
 .text.HAL_CAN_Init
                0x0000000008001784      0x1fc ./Drivers/STM32F0xx_HAL_Driver/Src/stm32f0xx_hal_can.o
                0x0000000008001784                HAL_CAN_Init
 .text.HAL_CAN_ConfigFilter
                0x0000000008001980      0x1e4 ./Drivers/STM32F0xx_HAL_Driver/Src/stm32f0xx_hal_can.o
                0x0000000008001980                HAL_CAN_ConfigFilter
 .text.HAL_CAN_Start
                0x0000000008001b64       0x8c ./Drivers/STM32F0xx_HAL_Driver/Src/stm32f0xx_hal_can.o
                0x0000000008001b64                HAL_CAN_Start
 .text.HAL_CAN_GetRxMessage
                0x0000000008001bf0      0x238 ./Drivers/STM32F0xx_HAL_Driver/Src/stm32f0xx_hal_can.o
                0x0000000008001bf0                HAL_CAN_GetRxMessage
 .text.HAL_CAN_ActivateNotification
                0x0000000008001e28       0x54 ./Drivers/STM32F0xx_HAL_Driver/Src/stm32f0xx_hal_can.o
                0x0000000008001e28                HAL_CAN_ActivateNotification
 .text.HAL_CAN_IRQHandler
                0x0000000008001e7c      0x368 ./Drivers/STM32F0xx_HAL_Driver/Src/stm32f0xx_hal_can.o
                0x0000000008001e7c                HAL_CAN_IRQHandler
 .text.HAL_CAN_TxMailbox0CompleteCallback
                0x00000000080021e4       0x10 ./Drivers/STM32F0xx_HAL_Driver/Src/stm32f0xx_hal_can.o
                0x00000000080021e4                HAL_CAN_TxMailbox0CompleteCallback
 .text.HAL_CAN_TxMailbox1CompleteCallback
                0x00000000080021f4       0x10 ./Drivers/STM32F0xx_HAL_Driver/Src/stm32f0xx_hal_can.o
                0x00000000080021f4                HAL_CAN_TxMailbox1CompleteCallback
 .text.HAL_CAN_TxMailbox2CompleteCallback
                0x0000000008002204       0x10 ./Drivers/STM32F0xx_HAL_Driver/Src/stm32f0xx_hal_can.o
                0x0000000008002204                HAL_CAN_TxMailbox2CompleteCallback
 .text.HAL_CAN_TxMailbox0AbortCallback
                0x0000000008002214       0x10 ./Drivers/STM32F0xx_HAL_Driver/Src/stm32f0xx_hal_can.o
                0x0000000008002214                HAL_CAN_TxMailbox0AbortCallback
 .text.HAL_CAN_TxMailbox1AbortCallback
                0x0000000008002224       0x10 ./Drivers/STM32F0xx_HAL_Driver/Src/stm32f0xx_hal_can.o
                0x0000000008002224                HAL_CAN_TxMailbox1AbortCallback
 .text.HAL_CAN_TxMailbox2AbortCallback
                0x0000000008002234       0x10 ./Drivers/STM32F0xx_HAL_Driver/Src/stm32f0xx_hal_can.o
                0x0000000008002234                HAL_CAN_TxMailbox2AbortCallback
 .text.HAL_CAN_RxFifo0FullCallback
                0x0000000008002244       0x10 ./Drivers/STM32F0xx_HAL_Driver/Src/stm32f0xx_hal_can.o
                0x0000000008002244                HAL_CAN_RxFifo0FullCallback
 .text.HAL_CAN_RxFifo1MsgPendingCallback
                0x0000000008002254       0x10 ./Drivers/STM32F0xx_HAL_Driver/Src/stm32f0xx_hal_can.o
                0x0000000008002254                HAL_CAN_RxFifo1MsgPendingCallback
 .text.HAL_CAN_RxFifo1FullCallback
                0x0000000008002264       0x10 ./Drivers/STM32F0xx_HAL_Driver/Src/stm32f0xx_hal_can.o
                0x0000000008002264                HAL_CAN_RxFifo1FullCallback
 .text.HAL_CAN_SleepCallback
                0x0000000008002274       0x10 ./Drivers/STM32F0xx_HAL_Driver/Src/stm32f0xx_hal_can.o
                0x0000000008002274                HAL_CAN_SleepCallback
 .text.HAL_CAN_WakeUpFromRxMsgCallback
                0x0000000008002284       0x10 ./Drivers/STM32F0xx_HAL_Driver/Src/stm32f0xx_hal_can.o
                0x0000000008002284                HAL_CAN_WakeUpFromRxMsgCallback
 .text.HAL_CAN_ErrorCallback
                0x0000000008002294       0x10 ./Drivers/STM32F0xx_HAL_Driver/Src/stm32f0xx_hal_can.o
                0x0000000008002294                HAL_CAN_ErrorCallback
 .text.__NVIC_EnableIRQ
                0x00000000080022a4       0x34 ./Drivers/STM32F0xx_HAL_Driver/Src/stm32f0xx_hal_cortex.o
 .text.__NVIC_SetPriority
                0x00000000080022d8       0xdc ./Drivers/STM32F0xx_HAL_Driver/Src/stm32f0xx_hal_cortex.o
 .text.SysTick_Config
                0x00000000080023b4       0x48 ./Drivers/STM32F0xx_HAL_Driver/Src/stm32f0xx_hal_cortex.o
 .text.HAL_NVIC_SetPriority
                0x00000000080023fc       0x2a ./Drivers/STM32F0xx_HAL_Driver/Src/stm32f0xx_hal_cortex.o
                0x00000000080023fc                HAL_NVIC_SetPriority
 .text.HAL_NVIC_EnableIRQ
                0x0000000008002426       0x20 ./Drivers/STM32F0xx_HAL_Driver/Src/stm32f0xx_hal_cortex.o
                0x0000000008002426                HAL_NVIC_EnableIRQ
 .text.HAL_SYSTICK_Config
                0x0000000008002446       0x1a ./Drivers/STM32F0xx_HAL_Driver/Src/stm32f0xx_hal_cortex.o
                0x0000000008002446                HAL_SYSTICK_Config
 .text.HAL_GPIO_Init
                0x0000000008002460      0x2f0 ./Drivers/STM32F0xx_HAL_Driver/Src/stm32f0xx_hal_gpio.o
                0x0000000008002460                HAL_GPIO_Init
 .text.HAL_GPIO_WritePin
                0x0000000008002750       0x3a ./Drivers/STM32F0xx_HAL_Driver/Src/stm32f0xx_hal_gpio.o
                0x0000000008002750                HAL_GPIO_WritePin
 *fill*         0x000000000800278a        0x2 
 .text.HAL_GPIO_EXTI_IRQHandler
                0x000000000800278c       0x38 ./Drivers/STM32F0xx_HAL_Driver/Src/stm32f0xx_hal_gpio.o
                0x000000000800278c                HAL_GPIO_EXTI_IRQHandler
 .text.HAL_RCC_OscConfig
                0x00000000080027c4      0x70c ./Drivers/STM32F0xx_HAL_Driver/Src/stm32f0xx_hal_rcc.o
                0x00000000080027c4                HAL_RCC_OscConfig
 .text.HAL_RCC_ClockConfig
                0x0000000008002ed0      0x1b4 ./Drivers/STM32F0xx_HAL_Driver/Src/stm32f0xx_hal_rcc.o
                0x0000000008002ed0                HAL_RCC_ClockConfig
 .text.HAL_RCC_GetSysClockFreq
                0x0000000008003084      0x104 ./Drivers/STM32F0xx_HAL_Driver/Src/stm32f0xx_hal_rcc.o
                0x0000000008003084                HAL_RCC_GetSysClockFreq
 .text.HAL_SPI_Init
                0x0000000008003188      0x170 ./Drivers/STM32F0xx_HAL_Driver/Src/stm32f0xx_hal_spi.o
                0x0000000008003188                HAL_SPI_Init
 .text.HAL_SPI_TransmitReceive
                0x00000000080032f8      0x3a4 ./Drivers/STM32F0xx_HAL_Driver/Src/stm32f0xx_hal_spi.o
                0x00000000080032f8                HAL_SPI_TransmitReceive
 .text.SPI_WaitFlagStateUntilTimeout
                0x000000000800369c      0x11c ./Drivers/STM32F0xx_HAL_Driver/Src/stm32f0xx_hal_spi.o
 .text.SPI_WaitFifoStateUntilTimeout
                0x00000000080037b8      0x144 ./Drivers/STM32F0xx_HAL_Driver/Src/stm32f0xx_hal_spi.o
 .text.SPI_EndRxTxTransaction
                0x00000000080038fc       0x8c ./Drivers/STM32F0xx_HAL_Driver/Src/stm32f0xx_hal_spi.o
 .text.__libc_init_array
                0x0000000008003988       0x48 c:/st/stm32cubeide_1.9.0/stm32cubeide/plugins/com.st.stm32cube.ide.mcu.externaltools.gnu-tools-for-stm32.10.3-2021.10.win32_1.0.0.202111181127/tools/bin/../lib/gcc/arm-none-eabi/10.3.1/../../../../arm-none-eabi/lib/thumb/v6-m/nofp\libc_nano.a(lib_a-init.o)
                0x0000000008003988                __libc_init_array
 .text.memset   0x00000000080039d0       0x10 c:/st/stm32cubeide_1.9.0/stm32cubeide/plugins/com.st.stm32cube.ide.mcu.externaltools.gnu-tools-for-stm32.10.3-2021.10.win32_1.0.0.202111181127/tools/bin/../lib/gcc/arm-none-eabi/10.3.1/../../../../arm-none-eabi/lib/thumb/v6-m/nofp\libc_nano.a(lib_a-memset.o)
                0x00000000080039d0                memset
 *(.glue_7)
 .glue_7        0x00000000080039e0        0x0 linker stubs
 *(.glue_7t)
 .glue_7t       0x00000000080039e0        0x0 linker stubs
 *(.eh_frame)
 .eh_frame      0x00000000080039e0        0x0 c:/st/stm32cubeide_1.9.0/stm32cubeide/plugins/com.st.stm32cube.ide.mcu.externaltools.gnu-tools-for-stm32.10.3-2021.10.win32_1.0.0.202111181127/tools/bin/../lib/gcc/arm-none-eabi/10.3.1/thumb/v6-m/nofp/crtbegin.o
 *(.init)
 .init          0x00000000080039e0        0x4 c:/st/stm32cubeide_1.9.0/stm32cubeide/plugins/com.st.stm32cube.ide.mcu.externaltools.gnu-tools-for-stm32.10.3-2021.10.win32_1.0.0.202111181127/tools/bin/../lib/gcc/arm-none-eabi/10.3.1/thumb/v6-m/nofp/crti.o
                0x00000000080039e0                _init
 .init          0x00000000080039e4        0x8 c:/st/stm32cubeide_1.9.0/stm32cubeide/plugins/com.st.stm32cube.ide.mcu.externaltools.gnu-tools-for-stm32.10.3-2021.10.win32_1.0.0.202111181127/tools/bin/../lib/gcc/arm-none-eabi/10.3.1/thumb/v6-m/nofp/crtn.o
 *(.fini)
 .fini          0x00000000080039ec        0x4 c:/st/stm32cubeide_1.9.0/stm32cubeide/plugins/com.st.stm32cube.ide.mcu.externaltools.gnu-tools-for-stm32.10.3-2021.10.win32_1.0.0.202111181127/tools/bin/../lib/gcc/arm-none-eabi/10.3.1/thumb/v6-m/nofp/crti.o
                0x00000000080039ec                _fini
 .fini          0x00000000080039f0        0x8 c:/st/stm32cubeide_1.9.0/stm32cubeide/plugins/com.st.stm32cube.ide.mcu.externaltools.gnu-tools-for-stm32.10.3-2021.10.win32_1.0.0.202111181127/tools/bin/../lib/gcc/arm-none-eabi/10.3.1/thumb/v6-m/nofp/crtn.o
                0x00000000080039f8                . = ALIGN (0x4)
                0x00000000080039f8                _etext = .

.vfp11_veneer   0x00000000080039f8        0x0
 .vfp11_veneer  0x00000000080039f8        0x0 linker stubs

.v4_bx          0x00000000080039f8        0x0
 .v4_bx         0x00000000080039f8        0x0 linker stubs

.iplt           0x00000000080039f8        0x0
 .iplt          0x00000000080039f8        0x0 c:/st/stm32cubeide_1.9.0/stm32cubeide/plugins/com.st.stm32cube.ide.mcu.externaltools.gnu-tools-for-stm32.10.3-2021.10.win32_1.0.0.202111181127/tools/bin/../lib/gcc/arm-none-eabi/10.3.1/thumb/v6-m/nofp/crtbegin.o

.rodata         0x00000000080039f8       0x30
                0x00000000080039f8                . = ALIGN (0x4)
 *(.rodata)
 .rodata        0x00000000080039f8       0x20 ./Drivers/STM32F0xx_HAL_Driver/Src/stm32f0xx_hal_rcc.o
 *(.rodata*)
 .rodata.AHBPrescTable
                0x0000000008003a18       0x10 ./Core/Src/system_stm32f0xx.o
                0x0000000008003a18                AHBPrescTable
                0x0000000008003a28                . = ALIGN (0x4)

.rel.dyn        0x0000000008003a28        0x0
 .rel.iplt      0x0000000008003a28        0x0 c:/st/stm32cubeide_1.9.0/stm32cubeide/plugins/com.st.stm32cube.ide.mcu.externaltools.gnu-tools-for-stm32.10.3-2021.10.win32_1.0.0.202111181127/tools/bin/../lib/gcc/arm-none-eabi/10.3.1/thumb/v6-m/nofp/crtbegin.o

.ARM.extab      0x0000000008003a28        0x0
                0x0000000008003a28                . = ALIGN (0x4)
 *(.ARM.extab* .gnu.linkonce.armextab.*)
                0x0000000008003a28                . = ALIGN (0x4)

.ARM            0x0000000008003a28        0x0
                0x0000000008003a28                . = ALIGN (0x4)
                0x0000000008003a28                __exidx_start = .
 *(.ARM.exidx*)
                0x0000000008003a28                __exidx_end = .
                0x0000000008003a28                . = ALIGN (0x4)

.preinit_array  0x0000000008003a28        0x0
                0x0000000008003a28                . = ALIGN (0x4)
                0x0000000008003a28                PROVIDE (__preinit_array_start = .)
 *(.preinit_array*)
                0x0000000008003a28                PROVIDE (__preinit_array_end = .)
                0x0000000008003a28                . = ALIGN (0x4)

.init_array     0x0000000008003a28        0x4
                0x0000000008003a28                . = ALIGN (0x4)
                0x0000000008003a28                PROVIDE (__init_array_start = .)
 *(SORT_BY_NAME(.init_array.*))
 *(.init_array*)
 .init_array    0x0000000008003a28        0x4 c:/st/stm32cubeide_1.9.0/stm32cubeide/plugins/com.st.stm32cube.ide.mcu.externaltools.gnu-tools-for-stm32.10.3-2021.10.win32_1.0.0.202111181127/tools/bin/../lib/gcc/arm-none-eabi/10.3.1/thumb/v6-m/nofp/crtbegin.o
                0x0000000008003a2c                PROVIDE (__init_array_end = .)
                0x0000000008003a2c                . = ALIGN (0x4)

.fini_array     0x0000000008003a2c        0x4
                0x0000000008003a2c                . = ALIGN (0x4)
                [!provide]                        PROVIDE (__fini_array_start = .)
 *(SORT_BY_NAME(.fini_array.*))
 *(.fini_array*)
 .fini_array    0x0000000008003a2c        0x4 c:/st/stm32cubeide_1.9.0/stm32cubeide/plugins/com.st.stm32cube.ide.mcu.externaltools.gnu-tools-for-stm32.10.3-2021.10.win32_1.0.0.202111181127/tools/bin/../lib/gcc/arm-none-eabi/10.3.1/thumb/v6-m/nofp/crtbegin.o
                [!provide]                        PROVIDE (__fini_array_end = .)
                0x0000000008003a30                . = ALIGN (0x4)
                0x0000000008003a30                _sidata = LOADADDR (.data)

.data           0x0000000020000000        0xc load address 0x0000000008003a30
                0x0000000020000000                . = ALIGN (0x4)
                0x0000000020000000                _sdata = .
 *(.data)
 *(.data*)
 .data.SystemCoreClock
                0x0000000020000000        0x4 ./Core/Src/system_stm32f0xx.o
                0x0000000020000000                SystemCoreClock
 .data.uwTickPrio
                0x0000000020000004        0x4 ./Drivers/STM32F0xx_HAL_Driver/Src/stm32f0xx_hal.o
                0x0000000020000004                uwTickPrio
 .data.uwTickFreq
                0x0000000020000008        0x1 ./Drivers/STM32F0xx_HAL_Driver/Src/stm32f0xx_hal.o
                0x0000000020000008                uwTickFreq
 *(.RamFunc)
 *(.RamFunc*)
                0x000000002000000c                . = ALIGN (0x4)
 *fill*         0x0000000020000009        0x3 
                0x000000002000000c                _edata = .

.igot.plt       0x000000002000000c        0x0 load address 0x0000000008003a3c
 .igot.plt      0x000000002000000c        0x0 c:/st/stm32cubeide_1.9.0/stm32cubeide/plugins/com.st.stm32cube.ide.mcu.externaltools.gnu-tools-for-stm32.10.3-2021.10.win32_1.0.0.202111181127/tools/bin/../lib/gcc/arm-none-eabi/10.3.1/thumb/v6-m/nofp/crtbegin.o
                0x000000002000000c                . = ALIGN (0x4)

.bss            0x000000002000000c     0x1140 load address 0x0000000008003a3c
                0x000000002000000c                _sbss = .
                0x000000002000000c                __bss_start__ = _sbss
 *(.bss)
 .bss           0x000000002000000c       0x1c c:/st/stm32cubeide_1.9.0/stm32cubeide/plugins/com.st.stm32cube.ide.mcu.externaltools.gnu-tools-for-stm32.10.3-2021.10.win32_1.0.0.202111181127/tools/bin/../lib/gcc/arm-none-eabi/10.3.1/thumb/v6-m/nofp/crtbegin.o
 *(.bss*)
 .bss.hadc      0x0000000020000028       0x40 ./Core/Src/main.o
                0x0000000020000028                hadc
 .bss.hcan      0x0000000020000068       0x28 ./Core/Src/main.o
                0x0000000020000068                hcan
 .bss.hspi1     0x0000000020000090       0x64 ./Core/Src/main.o
                0x0000000020000090                hspi1
 .bss.hspi2     0x00000000200000f4       0x64 ./Core/Src/main.o
                0x00000000200000f4                hspi2
 .bss.CANRxHeader
                0x0000000020000158       0x1c ./Core/Src/main.o
                0x0000000020000158                CANRxHeader
 .bss.CANRxData
                0x0000000020000174        0x8 ./Core/Src/main.o
                0x0000000020000174                CANRxData
 .bss.SPI1TxData
                0x000000002000017c        0x2 ./Core/Src/main.o
                0x000000002000017c                SPI1TxData
 *fill*         0x000000002000017e        0x2 
 .bss.SPI1RxData
                0x0000000020000180        0x2 ./Core/Src/main.o
                0x0000000020000180                SPI1RxData
 .bss.SPI1Rx    0x0000000020000182        0x2 ./Core/Src/main.o
                0x0000000020000182                SPI1Rx
 .bss.SPI1Tx    0x0000000020000184        0x2 ./Core/Src/main.o
                0x0000000020000184                SPI1Tx
 *fill*         0x0000000020000186        0x2 
 .bss.Angles    0x0000000020000188      0xfa0 ./Core/Src/main.o
                0x0000000020000188                Angles
 .bss.SPI2TxData
                0x0000000020001128        0x5 ./Core/Src/main.o
                0x0000000020001128                SPI2TxData
 *fill*         0x000000002000112d        0x3 
 .bss.SPI2RxData
                0x0000000020001130        0x5 ./Core/Src/main.o
                0x0000000020001130                SPI2RxData
 *fill*         0x0000000020001135        0x3 
 .bss.SPI2Rx    0x0000000020001138        0x4 ./Core/Src/main.o
                0x0000000020001138                SPI2Rx
 .bss.AMS_Ready
                0x000000002000113c        0x1 ./Core/Src/main.o
                0x000000002000113c                AMS_Ready
 *fill*         0x000000002000113d        0x3 
 .bss.Datacheck
                0x0000000020001140        0x4 ./Core/Src/main.o
                0x0000000020001140                Datacheck
 .bss.Ax        0x0000000020001144        0x4 ./Core/Src/main.o
                0x0000000020001144                Ax
 .bss.uwTick    0x0000000020001148        0x4 ./Drivers/STM32F0xx_HAL_Driver/Src/stm32f0xx_hal.o
                0x0000000020001148                uwTick
 *(COMMON)
                0x000000002000114c                . = ALIGN (0x4)
                0x000000002000114c                _ebss = .
                0x000000002000114c                __bss_end__ = _ebss

._user_heap_stack
                0x000000002000114c      0x604 load address 0x0000000008003a3c
                0x0000000020001150                . = ALIGN (0x8)
 *fill*         0x000000002000114c        0x4 
                [!provide]                        PROVIDE (end = .)
                0x0000000020001150                PROVIDE (_end = .)
                0x0000000020001350                . = (. + _Min_Heap_Size)
 *fill*         0x0000000020001150      0x200 
                0x0000000020001750                . = (. + _Min_Stack_Size)
 *fill*         0x0000000020001350      0x400 
                0x0000000020001750                . = ALIGN (0x8)

/DISCARD/
 libc.a(*)
 libm.a(*)
 libgcc.a(*)

.ARM.attributes
                0x0000000000000000       0x28
 *(.ARM.attributes)
 .ARM.attributes
                0x0000000000000000       0x1e c:/st/stm32cubeide_1.9.0/stm32cubeide/plugins/com.st.stm32cube.ide.mcu.externaltools.gnu-tools-for-stm32.10.3-2021.10.win32_1.0.0.202111181127/tools/bin/../lib/gcc/arm-none-eabi/10.3.1/thumb/v6-m/nofp/crti.o
 .ARM.attributes
                0x000000000000001e       0x2c c:/st/stm32cubeide_1.9.0/stm32cubeide/plugins/com.st.stm32cube.ide.mcu.externaltools.gnu-tools-for-stm32.10.3-2021.10.win32_1.0.0.202111181127/tools/bin/../lib/gcc/arm-none-eabi/10.3.1/thumb/v6-m/nofp/crtbegin.o
 .ARM.attributes
                0x000000000000004a       0x2c ./Core/Inc/tmc/ic/TMC5160/TMC5160.o
 .ARM.attributes
                0x0000000000000076       0x2c ./Core/Src/main.o
 .ARM.attributes
                0x00000000000000a2       0x2c ./Core/Src/stm32f0xx_hal_msp.o
 .ARM.attributes
                0x00000000000000ce       0x2c ./Core/Src/stm32f0xx_it.o
 .ARM.attributes
                0x00000000000000fa       0x2c ./Core/Src/system_stm32f0xx.o
 .ARM.attributes
                0x0000000000000126       0x21 ./Core/Startup/startup_stm32f091cctx.o
 .ARM.attributes
                0x0000000000000147       0x2c ./Drivers/STM32F0xx_HAL_Driver/Src/stm32f0xx_hal.o
 .ARM.attributes
                0x0000000000000173       0x2c ./Drivers/STM32F0xx_HAL_Driver/Src/stm32f0xx_hal_adc.o
 .ARM.attributes
                0x000000000000019f       0x2c ./Drivers/STM32F0xx_HAL_Driver/Src/stm32f0xx_hal_can.o
 .ARM.attributes
                0x00000000000001cb       0x2c ./Drivers/STM32F0xx_HAL_Driver/Src/stm32f0xx_hal_cortex.o
 .ARM.attributes
                0x00000000000001f7       0x2c ./Drivers/STM32F0xx_HAL_Driver/Src/stm32f0xx_hal_gpio.o
 .ARM.attributes
                0x0000000000000223       0x2c ./Drivers/STM32F0xx_HAL_Driver/Src/stm32f0xx_hal_rcc.o
 .ARM.attributes
                0x000000000000024f       0x2c ./Drivers/STM32F0xx_HAL_Driver/Src/stm32f0xx_hal_spi.o
 .ARM.attributes
                0x000000000000027b       0x2c c:/st/stm32cubeide_1.9.0/stm32cubeide/plugins/com.st.stm32cube.ide.mcu.externaltools.gnu-tools-for-stm32.10.3-2021.10.win32_1.0.0.202111181127/tools/bin/../lib/gcc/arm-none-eabi/10.3.1/../../../../arm-none-eabi/lib/thumb/v6-m/nofp\libc_nano.a(lib_a-init.o)
 .ARM.attributes
                0x00000000000002a7       0x2c c:/st/stm32cubeide_1.9.0/stm32cubeide/plugins/com.st.stm32cube.ide.mcu.externaltools.gnu-tools-for-stm32.10.3-2021.10.win32_1.0.0.202111181127/tools/bin/../lib/gcc/arm-none-eabi/10.3.1/../../../../arm-none-eabi/lib/thumb/v6-m/nofp\libc_nano.a(lib_a-memset.o)
 .ARM.attributes
                0x00000000000002d3       0x1e c:/st/stm32cubeide_1.9.0/stm32cubeide/plugins/com.st.stm32cube.ide.mcu.externaltools.gnu-tools-for-stm32.10.3-2021.10.win32_1.0.0.202111181127/tools/bin/../lib/gcc/arm-none-eabi/10.3.1/thumb/v6-m/nofp\libgcc.a(_udivsi3.o)
 .ARM.attributes
                0x00000000000002f1       0x1e c:/st/stm32cubeide_1.9.0/stm32cubeide/plugins/com.st.stm32cube.ide.mcu.externaltools.gnu-tools-for-stm32.10.3-2021.10.win32_1.0.0.202111181127/tools/bin/../lib/gcc/arm-none-eabi/10.3.1/thumb/v6-m/nofp\libgcc.a(_dvmd_tls.o)
 .ARM.attributes
                0x000000000000030f       0x1e c:/st/stm32cubeide_1.9.0/stm32cubeide/plugins/com.st.stm32cube.ide.mcu.externaltools.gnu-tools-for-stm32.10.3-2021.10.win32_1.0.0.202111181127/tools/bin/../lib/gcc/arm-none-eabi/10.3.1/thumb/v6-m/nofp/crtn.o
OUTPUT(1_AXIS_F091_AMS.elf elf32-littlearm)
LOAD linker stubs
LOAD c:/st/stm32cubeide_1.9.0/stm32cubeide/plugins/com.st.stm32cube.ide.mcu.externaltools.gnu-tools-for-stm32.10.3-2021.10.win32_1.0.0.202111181127/tools/bin/../lib/gcc/arm-none-eabi/10.3.1/../../../../arm-none-eabi/lib/thumb/v6-m/nofp\libc.a
LOAD c:/st/stm32cubeide_1.9.0/stm32cubeide/plugins/com.st.stm32cube.ide.mcu.externaltools.gnu-tools-for-stm32.10.3-2021.10.win32_1.0.0.202111181127/tools/bin/../lib/gcc/arm-none-eabi/10.3.1/../../../../arm-none-eabi/lib/thumb/v6-m/nofp\libm.a
LOAD c:/st/stm32cubeide_1.9.0/stm32cubeide/plugins/com.st.stm32cube.ide.mcu.externaltools.gnu-tools-for-stm32.10.3-2021.10.win32_1.0.0.202111181127/tools/bin/../lib/gcc/arm-none-eabi/10.3.1/thumb/v6-m/nofp\libgcc.a

.debug_info     0x0000000000000000     0x8f95
 .debug_info    0x0000000000000000      0x996 ./Core/Inc/tmc/ic/TMC5160/TMC5160.o
 .debug_info    0x0000000000000996     0x1b95 ./Core/Src/main.o
 .debug_info    0x000000000000252b     0x114e ./Core/Src/stm32f0xx_hal_msp.o
 .debug_info    0x0000000000003679      0x535 ./Core/Src/stm32f0xx_it.o
 .debug_info    0x0000000000003bae      0x269 ./Core/Src/system_stm32f0xx.o
 .debug_info    0x0000000000003e17       0x22 ./Core/Startup/startup_stm32f091cctx.o
 .debug_info    0x0000000000003e39      0x6f0 ./Drivers/STM32F0xx_HAL_Driver/Src/stm32f0xx_hal.o
 .debug_info    0x0000000000004529      0xd29 ./Drivers/STM32F0xx_HAL_Driver/Src/stm32f0xx_hal_adc.o
 .debug_info    0x0000000000005252      0xf63 ./Drivers/STM32F0xx_HAL_Driver/Src/stm32f0xx_hal_can.o
 .debug_info    0x00000000000061b5      0x71d ./Drivers/STM32F0xx_HAL_Driver/Src/stm32f0xx_hal_cortex.o
 .debug_info    0x00000000000068d2      0x66a ./Drivers/STM32F0xx_HAL_Driver/Src/stm32f0xx_hal_gpio.o
 .debug_info    0x0000000000006f3c      0x8ac ./Drivers/STM32F0xx_HAL_Driver/Src/stm32f0xx_hal_rcc.o
 .debug_info    0x00000000000077e8     0x17ad ./Drivers/STM32F0xx_HAL_Driver/Src/stm32f0xx_hal_spi.o

.debug_abbrev   0x0000000000000000     0x1a5e
 .debug_abbrev  0x0000000000000000      0x29a ./Core/Inc/tmc/ic/TMC5160/TMC5160.o
 .debug_abbrev  0x000000000000029a      0x3dd ./Core/Src/main.o
 .debug_abbrev  0x0000000000000677      0x210 ./Core/Src/stm32f0xx_hal_msp.o
 .debug_abbrev  0x0000000000000887      0x163 ./Core/Src/stm32f0xx_it.o
 .debug_abbrev  0x00000000000009ea      0x116 ./Core/Src/system_stm32f0xx.o
 .debug_abbrev  0x0000000000000b00       0x12 ./Core/Startup/startup_stm32f091cctx.o
 .debug_abbrev  0x0000000000000b12      0x20e ./Drivers/STM32F0xx_HAL_Driver/Src/stm32f0xx_hal.o
 .debug_abbrev  0x0000000000000d20      0x243 ./Drivers/STM32F0xx_HAL_Driver/Src/stm32f0xx_hal_adc.o
 .debug_abbrev  0x0000000000000f63      0x1c5 ./Drivers/STM32F0xx_HAL_Driver/Src/stm32f0xx_hal_can.o
 .debug_abbrev  0x0000000000001128      0x283 ./Drivers/STM32F0xx_HAL_Driver/Src/stm32f0xx_hal_cortex.o
 .debug_abbrev  0x00000000000013ab      0x1ca ./Drivers/STM32F0xx_HAL_Driver/Src/stm32f0xx_hal_gpio.o
 .debug_abbrev  0x0000000000001575      0x283 ./Drivers/STM32F0xx_HAL_Driver/Src/stm32f0xx_hal_rcc.o
 .debug_abbrev  0x00000000000017f8      0x266 ./Drivers/STM32F0xx_HAL_Driver/Src/stm32f0xx_hal_spi.o

.debug_aranges  0x0000000000000000      0x8c0
 .debug_aranges
                0x0000000000000000       0xc8 ./Core/Inc/tmc/ic/TMC5160/TMC5160.o
 .debug_aranges
                0x00000000000000c8       0x98 ./Core/Src/main.o
 .debug_aranges
                0x0000000000000160       0x50 ./Core/Src/stm32f0xx_hal_msp.o
 .debug_aranges
                0x00000000000001b0       0x50 ./Core/Src/stm32f0xx_it.o
 .debug_aranges
                0x0000000000000200       0x28 ./Core/Src/system_stm32f0xx.o
 .debug_aranges
                0x0000000000000228       0x28 ./Core/Startup/startup_stm32f091cctx.o
 .debug_aranges
                0x0000000000000250       0xd0 ./Drivers/STM32F0xx_HAL_Driver/Src/stm32f0xx_hal.o
 .debug_aranges
                0x0000000000000320       0xf8 ./Drivers/STM32F0xx_HAL_Driver/Src/stm32f0xx_hal_adc.o
 .debug_aranges
                0x0000000000000418      0x138 ./Drivers/STM32F0xx_HAL_Driver/Src/stm32f0xx_hal_can.o
 .debug_aranges
                0x0000000000000550       0xc0 ./Drivers/STM32F0xx_HAL_Driver/Src/stm32f0xx_hal_cortex.o
 .debug_aranges
                0x0000000000000610       0x58 ./Drivers/STM32F0xx_HAL_Driver/Src/stm32f0xx_hal_gpio.o
 .debug_aranges
                0x0000000000000668       0x80 ./Drivers/STM32F0xx_HAL_Driver/Src/stm32f0xx_hal_rcc.o
 .debug_aranges
                0x00000000000006e8      0x1d8 ./Drivers/STM32F0xx_HAL_Driver/Src/stm32f0xx_hal_spi.o

.debug_ranges   0x0000000000000000      0x7f8
 .debug_ranges  0x0000000000000000       0xb8 ./Core/Inc/tmc/ic/TMC5160/TMC5160.o
 .debug_ranges  0x00000000000000b8       0x88 ./Core/Src/main.o
 .debug_ranges  0x0000000000000140       0x40 ./Core/Src/stm32f0xx_hal_msp.o
 .debug_ranges  0x0000000000000180       0x40 ./Core/Src/stm32f0xx_it.o
 .debug_ranges  0x00000000000001c0       0x18 ./Core/Src/system_stm32f0xx.o
 .debug_ranges  0x00000000000001d8       0x20 ./Core/Startup/startup_stm32f091cctx.o
 .debug_ranges  0x00000000000001f8       0xc0 ./Drivers/STM32F0xx_HAL_Driver/Src/stm32f0xx_hal.o
 .debug_ranges  0x00000000000002b8       0xe8 ./Drivers/STM32F0xx_HAL_Driver/Src/stm32f0xx_hal_adc.o
 .debug_ranges  0x00000000000003a0      0x128 ./Drivers/STM32F0xx_HAL_Driver/Src/stm32f0xx_hal_can.o
 .debug_ranges  0x00000000000004c8       0xb0 ./Drivers/STM32F0xx_HAL_Driver/Src/stm32f0xx_hal_cortex.o
 .debug_ranges  0x0000000000000578       0x48 ./Drivers/STM32F0xx_HAL_Driver/Src/stm32f0xx_hal_gpio.o
 .debug_ranges  0x00000000000005c0       0x70 ./Drivers/STM32F0xx_HAL_Driver/Src/stm32f0xx_hal_rcc.o
 .debug_ranges  0x0000000000000630      0x1c8 ./Drivers/STM32F0xx_HAL_Driver/Src/stm32f0xx_hal_spi.o

.debug_macro    0x0000000000000000    0x1b373
 .debug_macro   0x0000000000000000      0x1bf ./Core/Inc/tmc/ic/TMC5160/TMC5160.o
 .debug_macro   0x00000000000001bf      0x17e ./Core/Inc/tmc/ic/TMC5160/TMC5160.o
 .debug_macro   0x000000000000033d      0x11e ./Core/Inc/tmc/ic/TMC5160/TMC5160.o
 .debug_macro   0x000000000000045b     0x1a63 ./Core/Inc/tmc/ic/TMC5160/TMC5160.o
 .debug_macro   0x0000000000001ebe       0x46 ./Core/Inc/tmc/ic/TMC5160/TMC5160.o
 .debug_macro   0x0000000000001f04      0x33c ./Core/Src/main.o
 .debug_macro   0x0000000000002240      0x139 ./Core/Src/main.o
 .debug_macro   0x0000000000002379       0x2e ./Core/Src/main.o
 .debug_macro   0x00000000000023a7       0x22 ./Core/Src/main.o
 .debug_macro   0x00000000000023c9       0x1c ./Core/Src/main.o
 .debug_macro   0x00000000000023e5       0x22 ./Core/Src/main.o
 .debug_macro   0x0000000000002407       0xaf ./Core/Src/main.o
 .debug_macro   0x00000000000024b6      0x391 ./Core/Src/main.o
 .debug_macro   0x0000000000002847    0x10e4f ./Core/Src/main.o
 .debug_macro   0x0000000000013696       0x66 ./Core/Src/main.o
 .debug_macro   0x00000000000136fc     0x34a6 ./Core/Src/main.o
 .debug_macro   0x0000000000016ba2       0x55 ./Core/Src/main.o
 .debug_macro   0x0000000000016bf7      0x946 ./Core/Src/main.o
 .debug_macro   0x000000000001753d      0x69b ./Core/Src/main.o
 .debug_macro   0x0000000000017bd8      0x1af ./Core/Src/main.o
 .debug_macro   0x0000000000017d87      0x202 ./Core/Src/main.o
 .debug_macro   0x0000000000017f89      0x1a7 ./Core/Src/main.o
 .debug_macro   0x0000000000018130      0x1bc ./Core/Src/main.o
 .debug_macro   0x00000000000182ec      0x4d0 ./Core/Src/main.o
 .debug_macro   0x00000000000187bc       0x3c ./Core/Src/main.o
 .debug_macro   0x00000000000187f8       0x28 ./Core/Src/main.o
 .debug_macro   0x0000000000018820      0x33d ./Core/Src/main.o
 .debug_macro   0x0000000000018b5d       0xd4 ./Core/Src/main.o
 .debug_macro   0x0000000000018c31      0x408 ./Core/Src/main.o
 .debug_macro   0x0000000000019039       0xb0 ./Core/Src/main.o
 .debug_macro   0x00000000000190e9      0x23f ./Core/Src/main.o
 .debug_macro   0x0000000000019328      0x22c ./Core/Src/main.o
 .debug_macro   0x0000000000019554       0x61 ./Core/Src/main.o
 .debug_macro   0x00000000000195b5       0xa5 ./Core/Src/main.o
 .debug_macro   0x000000000001965a       0x4c ./Core/Src/main.o
 .debug_macro   0x00000000000196a6      0x16d ./Core/Src/main.o
 .debug_macro   0x0000000000019813      0x2fe ./Core/Src/main.o
 .debug_macro   0x0000000000019b11      0x435 ./Core/Src/main.o
 .debug_macro   0x0000000000019f46       0xe2 ./Core/Src/main.o
 .debug_macro   0x000000000001a028       0x4c ./Core/Src/main.o
 .debug_macro   0x000000000001a074       0x64 ./Core/Src/main.o
 .debug_macro   0x000000000001a0d8      0x1dc ./Core/Src/stm32f0xx_hal_msp.o
 .debug_macro   0x000000000001a2b4      0x1e6 ./Core/Src/stm32f0xx_it.o
 .debug_macro   0x000000000001a49a      0x1cd ./Core/Src/system_stm32f0xx.o
 .debug_macro   0x000000000001a667      0x1f1 ./Drivers/STM32F0xx_HAL_Driver/Src/stm32f0xx_hal.o
 .debug_macro   0x000000000001a858      0x1f1 ./Drivers/STM32F0xx_HAL_Driver/Src/stm32f0xx_hal_adc.o
 .debug_macro   0x000000000001aa49      0x1d5 ./Drivers/STM32F0xx_HAL_Driver/Src/stm32f0xx_hal_can.o
 .debug_macro   0x000000000001ac1e      0x1cd ./Drivers/STM32F0xx_HAL_Driver/Src/stm32f0xx_hal_cortex.o
 .debug_macro   0x000000000001adeb      0x1d4 ./Drivers/STM32F0xx_HAL_Driver/Src/stm32f0xx_hal_gpio.o
 .debug_macro   0x000000000001afbf      0x1df ./Drivers/STM32F0xx_HAL_Driver/Src/stm32f0xx_hal_rcc.o
 .debug_macro   0x000000000001b19e      0x1d5 ./Drivers/STM32F0xx_HAL_Driver/Src/stm32f0xx_hal_spi.o

.debug_line     0x0000000000000000     0x9dcb
 .debug_line    0x0000000000000000      0xab4 ./Core/Inc/tmc/ic/TMC5160/TMC5160.o
 .debug_line    0x0000000000000ab4      0xe03 ./Core/Src/main.o
 .debug_line    0x00000000000018b7      0x7fe ./Core/Src/stm32f0xx_hal_msp.o
 .debug_line    0x00000000000020b5      0x77d ./Core/Src/stm32f0xx_it.o
 .debug_line    0x0000000000002832      0x770 ./Core/Src/system_stm32f0xx.o
 .debug_line    0x0000000000002fa2       0x89 ./Core/Startup/startup_stm32f091cctx.o
 .debug_line    0x000000000000302b      0x963 ./Drivers/STM32F0xx_HAL_Driver/Src/stm32f0xx_hal.o
 .debug_line    0x000000000000398e     0x11a9 ./Drivers/STM32F0xx_HAL_Driver/Src/stm32f0xx_hal_adc.o
 .debug_line    0x0000000000004b37     0x1127 ./Drivers/STM32F0xx_HAL_Driver/Src/stm32f0xx_hal_can.o
 .debug_line    0x0000000000005c5e      0xa0f ./Drivers/STM32F0xx_HAL_Driver/Src/stm32f0xx_hal_cortex.o
 .debug_line    0x000000000000666d      0xaf5 ./Drivers/STM32F0xx_HAL_Driver/Src/stm32f0xx_hal_gpio.o
 .debug_line    0x0000000000007162      0xdf1 ./Drivers/STM32F0xx_HAL_Driver/Src/stm32f0xx_hal_rcc.o
 .debug_line    0x0000000000007f53     0x1e78 ./Drivers/STM32F0xx_HAL_Driver/Src/stm32f0xx_hal_spi.o

.debug_str      0x0000000000000000    0xaa2e7
 .debug_str     0x0000000000000000     0xebc3 ./Core/Inc/tmc/ic/TMC5160/TMC5160.o
                                       0xee09 (size before relaxing)
 .debug_str     0x000000000000ebc3    0x9a0e5 ./Core/Src/main.o
                                      0xa8ec7 (size before relaxing)
 .debug_str     0x00000000000a8ca8       0xbb ./Core/Src/stm32f0xx_hal_msp.o
                                      0x9dad3 (size before relaxing)
 .debug_str     0x00000000000a8d63       0xd4 ./Core/Src/stm32f0xx_it.o
                                      0x9d302 (size before relaxing)
 .debug_str     0x00000000000a8e37       0x8b ./Core/Src/system_stm32f0xx.o
                                      0x9ccea (size before relaxing)
 .debug_str     0x00000000000a8ec2       0x36 ./Core/Startup/startup_stm32f091cctx.o
                                         0x9e (size before relaxing)
 .debug_str     0x00000000000a8ef8      0x2f0 ./Drivers/STM32F0xx_HAL_Driver/Src/stm32f0xx_hal.o
                                      0x9d2d7 (size before relaxing)
 .debug_str     0x00000000000a91e8      0x380 ./Drivers/STM32F0xx_HAL_Driver/Src/stm32f0xx_hal_adc.o
                                      0x9d3f7 (size before relaxing)
 .debug_str     0x00000000000a9568      0x3c4 ./Drivers/STM32F0xx_HAL_Driver/Src/stm32f0xx_hal_can.o
                                      0x9d4bb (size before relaxing)
 .debug_str     0x00000000000a992c      0x169 ./Drivers/STM32F0xx_HAL_Driver/Src/stm32f0xx_hal_cortex.o
                                      0x9d0c8 (size before relaxing)
 .debug_str     0x00000000000a9a95       0xdb ./Drivers/STM32F0xx_HAL_Driver/Src/stm32f0xx_hal_gpio.o
                                      0x9cea0 (size before relaxing)
 .debug_str     0x00000000000a9b70      0x21a ./Drivers/STM32F0xx_HAL_Driver/Src/stm32f0xx_hal_rcc.o
                                      0x9d131 (size before relaxing)
 .debug_str     0x00000000000a9d8a      0x55d ./Drivers/STM32F0xx_HAL_Driver/Src/stm32f0xx_hal_spi.o
                                      0x9d66a (size before relaxing)

.comment        0x0000000000000000       0x50
 .comment       0x0000000000000000       0x50 ./Core/Inc/tmc/ic/TMC5160/TMC5160.o
                                         0x51 (size before relaxing)
 .comment       0x0000000000000050       0x51 ./Core/Src/main.o
 .comment       0x0000000000000050       0x51 ./Core/Src/stm32f0xx_hal_msp.o
 .comment       0x0000000000000050       0x51 ./Core/Src/stm32f0xx_it.o
 .comment       0x0000000000000050       0x51 ./Core/Src/system_stm32f0xx.o
 .comment       0x0000000000000050       0x51 ./Drivers/STM32F0xx_HAL_Driver/Src/stm32f0xx_hal.o
 .comment       0x0000000000000050       0x51 ./Drivers/STM32F0xx_HAL_Driver/Src/stm32f0xx_hal_adc.o
 .comment       0x0000000000000050       0x51 ./Drivers/STM32F0xx_HAL_Driver/Src/stm32f0xx_hal_can.o
 .comment       0x0000000000000050       0x51 ./Drivers/STM32F0xx_HAL_Driver/Src/stm32f0xx_hal_cortex.o
 .comment       0x0000000000000050       0x51 ./Drivers/STM32F0xx_HAL_Driver/Src/stm32f0xx_hal_gpio.o
 .comment       0x0000000000000050       0x51 ./Drivers/STM32F0xx_HAL_Driver/Src/stm32f0xx_hal_rcc.o
 .comment       0x0000000000000050       0x51 ./Drivers/STM32F0xx_HAL_Driver/Src/stm32f0xx_hal_spi.o

.debug_frame    0x0000000000000000     0x1e78
 .debug_frame   0x0000000000000000      0x2d0 ./Core/Inc/tmc/ic/TMC5160/TMC5160.o
 .debug_frame   0x00000000000002d0      0x200 ./Core/Src/main.o
 .debug_frame   0x00000000000004d0       0xf0 ./Core/Src/stm32f0xx_hal_msp.o
 .debug_frame   0x00000000000005c0       0xd4 ./Core/Src/stm32f0xx_it.o
 .debug_frame   0x0000000000000694       0x4c ./Core/Src/system_stm32f0xx.o
 .debug_frame   0x00000000000006e0      0x2a4 ./Drivers/STM32F0xx_HAL_Driver/Src/stm32f0xx_hal.o
 .debug_frame   0x0000000000000984      0x3a0 ./Drivers/STM32F0xx_HAL_Driver/Src/stm32f0xx_hal_adc.o
 .debug_frame   0x0000000000000d24      0x490 ./Drivers/STM32F0xx_HAL_Driver/Src/stm32f0xx_hal_can.o
 .debug_frame   0x00000000000011b4      0x2a0 ./Drivers/STM32F0xx_HAL_Driver/Src/stm32f0xx_hal_cortex.o
 .debug_frame   0x0000000000001454      0x110 ./Drivers/STM32F0xx_HAL_Driver/Src/stm32f0xx_hal_gpio.o
 .debug_frame   0x0000000000001564      0x198 ./Drivers/STM32F0xx_HAL_Driver/Src/stm32f0xx_hal_rcc.o
 .debug_frame   0x00000000000016fc      0x710 ./Drivers/STM32F0xx_HAL_Driver/Src/stm32f0xx_hal_spi.o
 .debug_frame   0x0000000000001e0c       0x2c c:/st/stm32cubeide_1.9.0/stm32cubeide/plugins/com.st.stm32cube.ide.mcu.externaltools.gnu-tools-for-stm32.10.3-2021.10.win32_1.0.0.202111181127/tools/bin/../lib/gcc/arm-none-eabi/10.3.1/../../../../arm-none-eabi/lib/thumb/v6-m/nofp\libc_nano.a(lib_a-init.o)
 .debug_frame   0x0000000000001e38       0x20 c:/st/stm32cubeide_1.9.0/stm32cubeide/plugins/com.st.stm32cube.ide.mcu.externaltools.gnu-tools-for-stm32.10.3-2021.10.win32_1.0.0.202111181127/tools/bin/../lib/gcc/arm-none-eabi/10.3.1/../../../../arm-none-eabi/lib/thumb/v6-m/nofp\libc_nano.a(lib_a-memset.o)
 .debug_frame   0x0000000000001e58       0x20 c:/st/stm32cubeide_1.9.0/stm32cubeide/plugins/com.st.stm32cube.ide.mcu.externaltools.gnu-tools-for-stm32.10.3-2021.10.win32_1.0.0.202111181127/tools/bin/../lib/gcc/arm-none-eabi/10.3.1/thumb/v6-m/nofp\libgcc.a(_udivsi3.o)
