Archive member included to satisfy reference by file (symbol)

c:/st/stm32cubeide_1.9.0/stm32cubeide/plugins/com.st.stm32cube.ide.mcu.externaltools.gnu-tools-for-stm32.10.3-2021.10.win32_1.0.0.202111181127/tools/bin/../lib/gcc/arm-none-eabi/10.3.1/../../../../arm-none-eabi/lib/thumb/v6-m/nofp\libc_nano.a(lib_a-errno.o)
                              ./Core/Src/syscalls.o (__errno)
c:/st/stm32cubeide_1.9.0/stm32cubeide/plugins/com.st.stm32cube.ide.mcu.externaltools.gnu-tools-for-stm32.10.3-2021.10.win32_1.0.0.202111181127/tools/bin/../lib/gcc/arm-none-eabi/10.3.1/../../../../arm-none-eabi/lib/thumb/v6-m/nofp\libc_nano.a(lib_a-exit.o)
                              c:/st/stm32cubeide_1.9.0/stm32cubeide/plugins/com.st.stm32cube.ide.mcu.externaltools.gnu-tools-for-stm32.10.3-2021.10.win32_1.0.0.202111181127/tools/bin/../lib/gcc/arm-none-eabi/10.3.1/../../../../arm-none-eabi/lib/thumb/v6-m/nofp/crt0.o (exit)
c:/st/stm32cubeide_1.9.0/stm32cubeide/plugins/com.st.stm32cube.ide.mcu.externaltools.gnu-tools-for-stm32.10.3-2021.10.win32_1.0.0.202111181127/tools/bin/../lib/gcc/arm-none-eabi/10.3.1/../../../../arm-none-eabi/lib/thumb/v6-m/nofp\libc_nano.a(lib_a-impure.o)
                              c:/st/stm32cubeide_1.9.0/stm32cubeide/plugins/com.st.stm32cube.ide.mcu.externaltools.gnu-tools-for-stm32.10.3-2021.10.win32_1.0.0.202111181127/tools/bin/../lib/gcc/arm-none-eabi/10.3.1/../../../../arm-none-eabi/lib/thumb/v6-m/nofp\libc_nano.a(lib_a-exit.o) (_global_impure_ptr)
c:/st/stm32cubeide_1.9.0/stm32cubeide/plugins/com.st.stm32cube.ide.mcu.externaltools.gnu-tools-for-stm32.10.3-2021.10.win32_1.0.0.202111181127/tools/bin/../lib/gcc/arm-none-eabi/10.3.1/../../../../arm-none-eabi/lib/thumb/v6-m/nofp\libc_nano.a(lib_a-init.o)
                              c:/st/stm32cubeide_1.9.0/stm32cubeide/plugins/com.st.stm32cube.ide.mcu.externaltools.gnu-tools-for-stm32.10.3-2021.10.win32_1.0.0.202111181127/tools/bin/../lib/gcc/arm-none-eabi/10.3.1/../../../../arm-none-eabi/lib/thumb/v6-m/nofp/crt0.o (__libc_init_array)
c:/st/stm32cubeide_1.9.0/stm32cubeide/plugins/com.st.stm32cube.ide.mcu.externaltools.gnu-tools-for-stm32.10.3-2021.10.win32_1.0.0.202111181127/tools/bin/../lib/gcc/arm-none-eabi/10.3.1/../../../../arm-none-eabi/lib/thumb/v6-m/nofp\libc_nano.a(lib_a-memset.o)
                              c:/st/stm32cubeide_1.9.0/stm32cubeide/plugins/com.st.stm32cube.ide.mcu.externaltools.gnu-tools-for-stm32.10.3-2021.10.win32_1.0.0.202111181127/tools/bin/../lib/gcc/arm-none-eabi/10.3.1/../../../../arm-none-eabi/lib/thumb/v6-m/nofp/crt0.o (memset)
c:/st/stm32cubeide_1.9.0/stm32cubeide/plugins/com.st.stm32cube.ide.mcu.externaltools.gnu-tools-for-stm32.10.3-2021.10.win32_1.0.0.202111181127/tools/bin/../lib/gcc/arm-none-eabi/10.3.1/thumb/v6-m/nofp\libgcc.a(_udivsi3.o)
                              ./Core/Inc/tmc/ramp/LinearRamp1.o (__aeabi_uidiv)
c:/st/stm32cubeide_1.9.0/stm32cubeide/plugins/com.st.stm32cube.ide.mcu.externaltools.gnu-tools-for-stm32.10.3-2021.10.win32_1.0.0.202111181127/tools/bin/../lib/gcc/arm-none-eabi/10.3.1/thumb/v6-m/nofp\libgcc.a(_divsi3.o)
                              ./Core/Inc/Summit/SSM1ST2420HC.o (__aeabi_idiv)
c:/st/stm32cubeide_1.9.0/stm32cubeide/plugins/com.st.stm32cube.ide.mcu.externaltools.gnu-tools-for-stm32.10.3-2021.10.win32_1.0.0.202111181127/tools/bin/../lib/gcc/arm-none-eabi/10.3.1/thumb/v6-m/nofp\libgcc.a(_dvmd_tls.o)
                              c:/st/stm32cubeide_1.9.0/stm32cubeide/plugins/com.st.stm32cube.ide.mcu.externaltools.gnu-tools-for-stm32.10.3-2021.10.win32_1.0.0.202111181127/tools/bin/../lib/gcc/arm-none-eabi/10.3.1/thumb/v6-m/nofp\libgcc.a(_udivsi3.o) (__aeabi_idiv0)
c:/st/stm32cubeide_1.9.0/stm32cubeide/plugins/com.st.stm32cube.ide.mcu.externaltools.gnu-tools-for-stm32.10.3-2021.10.win32_1.0.0.202111181127/tools/bin/../lib/gcc/arm-none-eabi/10.3.1/thumb/v6-m/nofp\libgcc.a(_aeabi_ldivmod.o)
                              ./Core/Inc/tmc/ramp/LinearRamp.o (__aeabi_ldivmod)
c:/st/stm32cubeide_1.9.0/stm32cubeide/plugins/com.st.stm32cube.ide.mcu.externaltools.gnu-tools-for-stm32.10.3-2021.10.win32_1.0.0.202111181127/tools/bin/../lib/gcc/arm-none-eabi/10.3.1/thumb/v6-m/nofp\libgcc.a(_muldi3.o)
                              ./Core/Inc/tmc/ramp/LinearRamp.o (__aeabi_lmul)
c:/st/stm32cubeide_1.9.0/stm32cubeide/plugins/com.st.stm32cube.ide.mcu.externaltools.gnu-tools-for-stm32.10.3-2021.10.win32_1.0.0.202111181127/tools/bin/../lib/gcc/arm-none-eabi/10.3.1/thumb/v6-m/nofp\libgcc.a(_fixunssfsi.o)
                              ./Core/Inc/tmc/ic/TMC5160/TMC5160.o (__aeabi_f2uiz)
c:/st/stm32cubeide_1.9.0/stm32cubeide/plugins/com.st.stm32cube.ide.mcu.externaltools.gnu-tools-for-stm32.10.3-2021.10.win32_1.0.0.202111181127/tools/bin/../lib/gcc/arm-none-eabi/10.3.1/thumb/v6-m/nofp\libgcc.a(_fixunsdfsi.o)
                              ./Core/Inc/Summit/SSM1ST2420HC.o (__aeabi_d2uiz)
[...]
Memory Configuration

Name             Origin             Length             Attributes
RAM              0x0000000020000000 0x0000000000008000 xrw
FLASH            0x0000000008000000 0x0000000000040000 xr
*default*        0x0000000000000000 0xffffffffffffffff

Linker script and memory map

LOAD c:/st/stm32cubeide_1.9.0/stm32cubeide/plugins/com.st.stm32cube.ide.mcu.externaltools.gnu-tools-for-stm32.10.3-2021.10.win32_1.0.0.202111181127/tools/bin/../lib/gcc/arm-none-eabi/10.3.1/thumb/v6-m/nofp/crti.o
LOAD c:/st/stm32cubeide_1.9.0/stm32cubeide/plugins/com.st.stm32cube.ide.mcu.externaltools.gnu-tools-for-stm32.10.3-2021.10.win32_1.0.0.202111181127/tools/bin/../lib/gcc/arm-none-eabi/10.3.1/thumb/v6-m/nofp/crtbegin.o
LOAD c:/st/stm32cubeide_1.9.0/stm32cubeide/plugins/com.st.stm32cube.ide.mcu.externaltools.gnu-tools-for-stm32.10.3-2021.10.win32_1.0.0.202111181127/tools/bin/../lib/gcc/arm-none-eabi/10.3.1/../../../../arm-none-eabi/lib/thumb/v6-m/nofp/crt0.o
LOAD ./Core/Inc/Summit/SSM1ST2420HC.o
LOAD ./Core/Inc/tmc/helpers/CRC.o
LOAD ./Core/Inc/tmc/helpers/Functions.o
LOAD ./Core/Inc/tmc/ic/TMC5160/TMC5160.o
LOAD ./Core/Inc/tmc/ramp/LinearRamp.o
LOAD ./Core/Inc/tmc/ramp/LinearRamp1.o
LOAD ./Core/Inc/tmc/ramp/Ramp.o
LOAD ./Core/Src/main.o
LOAD ./Core/Src/stm32f0xx_hal_msp.o
LOAD ./Core/Src/stm32f0xx_it.o
LOAD ./Core/Src/syscalls.o
LOAD ./Core/Src/sysmem.o
LOAD ./Core/Src/system_stm32f0xx.o
LOAD ./Core/Startup/startup_stm32f091cctx.o
LOAD ./Drivers/STM32F0xx_HAL_Driver/Src/stm32f0xx_hal.o
LOAD ./Drivers/STM32F0xx_HAL_Driver/Src/stm32f0xx_hal_adc.o
LOAD ./Drivers/STM32F0xx_HAL_Driver/Src/stm32f0xx_hal_adc_ex.o
LOAD ./Drivers/STM32F0xx_HAL_Driver/Src/stm32f0xx_hal_can.o
LOAD ./Drivers/STM32F0xx_HAL_Driver/Src/stm32f0xx_hal_cortex.o
LOAD ./Drivers/STM32F0xx_HAL_Driver/Src/stm32f0xx_hal_dma.o
LOAD ./Drivers/STM32F0xx_HAL_Driver/Src/stm32f0xx_hal_exti.o
LOAD ./Drivers/STM32F0xx_HAL_Driver/Src/stm32f0xx_hal_flash.o
LOAD ./Drivers/STM32F0xx_HAL_Driver/Src/stm32f0xx_hal_flash_ex.o
LOAD ./Drivers/STM32F0xx_HAL_Driver/Src/stm32f0xx_hal_gpio.o
LOAD ./Drivers/STM32F0xx_HAL_Driver/Src/stm32f0xx_hal_i2c.o
LOAD ./Drivers/STM32F0xx_HAL_Driver/Src/stm32f0xx_hal_i2c_ex.o
LOAD ./Drivers/STM32F0xx_HAL_Driver/Src/stm32f0xx_hal_pwr.o
LOAD ./Drivers/STM32F0xx_HAL_Driver/Src/stm32f0xx_hal_pwr_ex.o
LOAD ./Drivers/STM32F0xx_HAL_Driver/Src/stm32f0xx_hal_rcc.o
LOAD ./Drivers/STM32F0xx_HAL_Driver/Src/stm32f0xx_hal_rcc_ex.o
LOAD ./Drivers/STM32F0xx_HAL_Driver/Src/stm32f0xx_hal_spi.o
LOAD ./Drivers/STM32F0xx_HAL_Driver/Src/stm32f0xx_hal_spi_ex.o
LOAD ./Drivers/STM32F0xx_HAL_Driver/Src/stm32f0xx_hal_tim.o
LOAD ./Drivers/STM32F0xx_HAL_Driver/Src/stm32f0xx_hal_tim_ex.o
START GROUP
LOAD c:/st/stm32cubeide_1.9.0/stm32cubeide/plugins/com.st.stm32cube.ide.mcu.externaltools.gnu-tools-for-stm32.10.3-2021.10.win32_1.0.0.202111181127/tools/bin/../lib/gcc/arm-none-eabi/10.3.1/../../../../arm-none-eabi/lib/thumb/v6-m/nofp\libc_nano.a
LOAD c:/st/stm32cubeide_1.9.0/stm32cubeide/plugins/com.st.stm32cube.ide.mcu.externaltools.gnu-tools-for-stm32.10.3-2021.10.win32_1.0.0.202111181127/tools/bin/../lib/gcc/arm-none-eabi/10.3.1/../../../../arm-none-eabi/lib/thumb/v6-m/nofp\libm.a
END GROUP
START GROUP
LOAD c:/st/stm32cubeide_1.9.0/stm32cubeide/plugins/com.st.stm32cube.ide.mcu.externaltools.gnu-tools-for-stm32.10.3-2021.10.win32_1.0.0.202111181127/tools/bin/../lib/gcc/arm-none-eabi/10.3.1/thumb/v6-m/nofp\libgcc.a
LOAD c:/st/stm32cubeide_1.9.0/stm32cubeide/plugins/com.st.stm32cube.ide.mcu.externaltools.gnu-tools-for-stm32.10.3-2021.10.win32_1.0.0.202111181127/tools/bin/../lib/gcc/arm-none-eabi/10.3.1/../../../../arm-none-eabi/lib/thumb/v6-m/nofp\libc_nano.a
END GROUP
START GROUP
LOAD c:/st/stm32cubeide_1.9.0/stm32cubeide/plugins/com.st.stm32cube.ide.mcu.externaltools.gnu-tools-for-stm32.10.3-2021.10.win32_1.0.0.202111181127/tools/bin/../lib/gcc/arm-none-eabi/10.3.1/thumb/v6-m/nofp\libgcc.a
LOAD c:/st/stm32cubeide_1.9.0/stm32cubeide/plugins/com.st.stm32cube.ide.mcu.externaltools.gnu-tools-for-stm32.10.3-2021.10.win32_1.0.0.202111181127/tools/bin/../lib/gcc/arm-none-eabi/10.3.1/../../../../arm-none-eabi/lib/thumb/v6-m/nofp\libc_nano.a
LOAD c:/st/stm32cubeide_1.9.0/stm32cubeide/plugins/com.st.stm32cube.ide.mcu.externaltools.gnu-tools-for-stm32.10.3-2021.10.win32_1.0.0.202111181127/tools/bin/../lib/gcc/arm-none-eabi/10.3.1/../../../../arm-none-eabi/lib/thumb/v6-m/nofp\libnosys.a
END GROUP
START GROUP
LOAD c:/st/stm32cubeide_1.9.0/stm32cubeide/plugins/com.st.stm32cube.ide.mcu.externaltools.gnu-tools-for-stm32.10.3-2021.10.win32_1.0.0.202111181127/tools/bin/../lib/gcc/arm-none-eabi/10.3.1/thumb/v6-m/nofp\libgcc.a
LOAD c:/st/stm32cubeide_1.9.0/stm32cubeide/plugins/com.st.stm32cube.ide.mcu.externaltools.gnu-tools-for-stm32.10.3-2021.10.win32_1.0.0.202111181127/tools/bin/../lib/gcc/arm-none-eabi/10.3.1/../../../../arm-none-eabi/lib/thumb/v6-m/nofp\libc_nano.a
LOAD c:/st/stm32cubeide_1.9.0/stm32cubeide/plugins/com.st.stm32cube.ide.mcu.externaltools.gnu-tools-for-stm32.10.3-2021.10.win32_1.0.0.202111181127/tools/bin/../lib/gcc/arm-none-eabi/10.3.1/../../../../arm-none-eabi/lib/thumb/v6-m/nofp\libnosys.a
END GROUP
LOAD c:/st/stm32cubeide_1.9.0/stm32cubeide/plugins/com.st.stm32cube.ide.mcu.externaltools.gnu-tools-for-stm32.10.3-2021.10.win32_1.0.0.202111181127/tools/bin/../lib/gcc/arm-none-eabi/10.3.1/thumb/v6-m/nofp/crtend.o
LOAD c:/st/stm32cubeide_1.9.0/stm32cubeide/plugins/com.st.stm32cube.ide.mcu.externaltools.gnu-tools-for-stm32.10.3-2021.10.win32_1.0.0.202111181127/tools/bin/../lib/gcc/arm-none-eabi/10.3.1/thumb/v6-m/nofp/crtn.o
                0x0000000020008000                _estack = (ORIGIN (RAM) + LENGTH (RAM))
                0x0000000000000200                _Min_Heap_Size = 0x200
                0x0000000000000400                _Min_Stack_Size = 0x400

.isr_vector     0x0000000008000000       0xbc
                0x0000000008000000                . = ALIGN (0x4)
 *(.isr_vector)
 .isr_vector    0x0000000008000000       0xbc ./Core/Startup/startup_stm32f091cctx.o
                0x0000000008000000                g_pfnVectors
                0x00000000080000bc                . = ALIGN (0x4)

.text           0x00000000080000bc     0x4ee0
                0x00000000080000bc                . = ALIGN (0x4)
 *(.text)
 .text          0x00000000080000bc       0x48 c:/st/stm32cubeide_1.9.0/stm32cubeide/plugins/com.st.stm32cube.ide.mcu.externaltools.gnu-tools-for-stm32.10.3-2021.10.win32_1.0.0.202111181127/tools/bin/../lib/gcc/arm-none-eabi/10.3.1/thumb/v6-m/nofp/crtbegin.o
 .text          0x0000000008000104      0x114 c:/st/stm32cubeide_1.9.0/stm32cubeide/plugins/com.st.stm32cube.ide.mcu.externaltools.gnu-tools-for-stm32.10.3-2021.10.win32_1.0.0.202111181127/tools/bin/../lib/gcc/arm-none-eabi/10.3.1/thumb/v6-m/nofp\libgcc.a(_udivsi3.o)
                0x0000000008000104                __aeabi_uidiv
                0x0000000008000104                __udivsi3
                0x0000000008000210                __aeabi_uidivmod
 .text          0x0000000008000218      0x1d4 c:/st/stm32cubeide_1.9.0/stm32cubeide/plugins/com.st.stm32cube.ide.mcu.externaltools.gnu-tools-for-stm32.10.3-2021.10.win32_1.0.0.202111181127/tools/bin/../lib/gcc/arm-none-eabi/10.3.1/thumb/v6-m/nofp\libgcc.a(_divsi3.o)
                0x0000000008000218                __divsi3
                0x0000000008000218                __aeabi_idiv
                0x00000000080003e4                __aeabi_idivmod
 .text          0x00000000080003ec        0x4 c:/st/stm32cubeide_1.9.0/stm32cubeide/plugins/com.st.stm32cube.ide.mcu.externaltools.gnu-tools-for-stm32.10.3-2021.10.win32_1.0.0.202111181127/tools/bin/../lib/gcc/arm-none-eabi/10.3.1/thumb/v6-m/nofp\libgcc.a(_dvmd_tls.o)
                0x00000000080003ec                __aeabi_idiv0
                0x00000000080003ec                __aeabi_ldiv0
 .text          0x00000000080003f0       0x3c c:/st/stm32cubeide_1.9.0/stm32cubeide/plugins/com.st.stm32cube.ide.mcu.externaltools.gnu-tools-for-stm32.10.3-2021.10.win32_1.0.0.202111181127/tools/bin/../lib/gcc/arm-none-eabi/10.3.1/thumb/v6-m/nofp\libgcc.a(_fixunsdfsi.o)
                0x00000000080003f0                __aeabi_d2uiz
                0x00000000080003f0                __fixunsdfsi
 .text          0x000000000800042c      0x4d8 c:/st/stm32cubeide_1.9.0/stm32cubeide/plugins/com.st.stm32cube.ide.mcu.externaltools.gnu-tools-for-stm32.10.3-2021.10.win32_1.0.0.202111181127/tools/bin/../lib/gcc/arm-none-eabi/10.3.1/thumb/v6-m/nofp\libgcc.a(muldf3.o)
                0x000000000800042c                __aeabi_dmul
 .text          0x0000000008000904      0x724 c:/st/stm32cubeide_1.9.0/stm32cubeide/plugins/com.st.stm32cube.ide.mcu.externaltools.gnu-tools-for-stm32.10.3-2021.10.win32_1.0.0.202111181127/tools/bin/../lib/gcc/arm-none-eabi/10.3.1/thumb/v6-m/nofp\libgcc.a(subdf3.o)
                0x0000000008000904                __aeabi_dsub
 .text          0x0000000008001028       0x6c c:/st/stm32cubeide_1.9.0/stm32cubeide/plugins/com.st.stm32cube.ide.mcu.externaltools.gnu-tools-for-stm32.10.3-2021.10.win32_1.0.0.202111181127/tools/bin/../lib/gcc/arm-none-eabi/10.3.1/thumb/v6-m/nofp\libgcc.a(fixdfsi.o)
                0x0000000008001028                __aeabi_d2iz
 .text          0x0000000008001094       0x4c c:/st/stm32cubeide_1.9.0/stm32cubeide/plugins/com.st.stm32cube.ide.mcu.externaltools.gnu-tools-for-stm32.10.3-2021.10.win32_1.0.0.202111181127/tools/bin/../lib/gcc/arm-none-eabi/10.3.1/thumb/v6-m/nofp\libgcc.a(floatunsidf.o)
                0x0000000008001094                __aeabi_ui2d
 .text          0x00000000080010e0       0x7c c:/st/stm32cubeide_1.9.0/stm32cubeide/plugins/com.st.stm32cube.ide.mcu.externaltools.gnu-tools-for-stm32.10.3-2021.10.win32_1.0.0.202111181127/tools/bin/../lib/gcc/arm-none-eabi/10.3.1/thumb/v6-m/nofp\libgcc.a(_arm_cmpdf2.o)
                0x00000000080010e0                __aeabi_cdrcmple
                0x00000000080010f0                __aeabi_cdcmple
                0x00000000080010f0                __aeabi_cdcmpeq
                0x0000000008001100                __aeabi_dcmpeq
                0x000000000800110c                __aeabi_dcmplt
                0x0000000008001120                __aeabi_dcmple
                0x0000000008001134                __aeabi_dcmpgt
                0x0000000008001148                __aeabi_dcmpge
 .text          0x000000000800115c       0x3c c:/st/stm32cubeide_1.9.0/stm32cubeide/plugins/com.st.stm32cube.ide.mcu.externaltools.gnu-tools-for-stm32.10.3-2021.10.win32_1.0.0.202111181127/tools/bin/../lib/gcc/arm-none-eabi/10.3.1/thumb/v6-m/nofp\libgcc.a(_clzsi2.o)
                0x000000000800115c                __clzsi2
 .text          0x0000000008001198       0x84 c:/st/stm32cubeide_1.9.0/stm32cubeide/plugins/com.st.stm32cube.ide.mcu.externaltools.gnu-tools-for-stm32.10.3-2021.10.win32_1.0.0.202111181127/tools/bin/../lib/gcc/arm-none-eabi/10.3.1/thumb/v6-m/nofp\libgcc.a(eqdf2.o)
                0x0000000008001198                __nedf2
                0x0000000008001198                __eqdf2
 .text          0x000000000800121c       0xcc c:/st/stm32cubeide_1.9.0/stm32cubeide/plugins/com.st.stm32cube.ide.mcu.externaltools.gnu-tools-for-stm32.10.3-2021.10.win32_1.0.0.202111181127/tools/bin/../lib/gcc/arm-none-eabi/10.3.1/thumb/v6-m/nofp\libgcc.a(gedf2.o)
                0x000000000800121c                __gedf2
                0x000000000800121c                __gtdf2
 .text          0x00000000080012e8       0xc8 c:/st/stm32cubeide_1.9.0/stm32cubeide/plugins/com.st.stm32cube.ide.mcu.externaltools.gnu-tools-for-stm32.10.3-2021.10.win32_1.0.0.202111181127/tools/bin/../lib/gcc/arm-none-eabi/10.3.1/thumb/v6-m/nofp\libgcc.a(ledf2.o)
                0x00000000080012e8                __ledf2
                0x00000000080012e8                __ltdf2
 *(.text*)
 .text.TMC5160_Basic_Init
                0x00000000080013b0      0x1fc ./Core/Inc/Summit/SSM1ST2420HC.o
                0x00000000080013b0                TMC5160_Basic_Init
 .text.TMC5160_Init_Stallguard
                0x00000000080015ac       0x46 ./Core/Inc/Summit/SSM1ST2420HC.o
                0x00000000080015ac                TMC5160_Init_Stallguard
 *fill*         0x00000000080015f2        0x2 
 .text.TMC5160_Monitor_Stallguard
                0x00000000080015f4       0xa4 ./Core/Inc/Summit/SSM1ST2420HC.o
                0x00000000080015f4                TMC5160_Monitor_Stallguard
 .text.TMC5160_Basic_Rotate
                0x0000000008001698       0x8c ./Core/Inc/Summit/SSM1ST2420HC.o
                0x0000000008001698                TMC5160_Basic_Rotate
 .text.TMC5160_Rotate_To
                0x0000000008001724      0x150 ./Core/Inc/Summit/SSM1ST2420HC.o
                0x0000000008001724                TMC5160_Rotate_To
 .text.TMC_Get_Position
                0x0000000008001874       0x5c ./Core/Inc/Summit/SSM1ST2420HC.o
                0x0000000008001874                TMC_Get_Position
 .text.TMC5160_Stop
                0x00000000080018d0       0x14 ./Core/Inc/Summit/SSM1ST2420HC.o
                0x00000000080018d0                TMC5160_Stop
 .text.Drive_Enable
                0x00000000080018e4       0x48 ./Core/Inc/Summit/SSM1ST2420HC.o
                0x00000000080018e4                Drive_Enable
 .text.TMC5160_SPIWrite
                0x000000000800192c       0xd8 ./Core/Inc/Summit/SSM1ST2420HC.o
                0x000000000800192c                TMC5160_SPIWrite
 .text.AMS5055_Basic_Init
                0x0000000008001a04       0x1c ./Core/Inc/Summit/SSM1ST2420HC.o
                0x0000000008001a04                AMS5055_Basic_Init
 .text.AMS5055_Get_Position
                0x0000000008001a20      0x128 ./Core/Inc/Summit/SSM1ST2420HC.o
                0x0000000008001a20                AMS5055_Get_Position
 .text.AMSParity
                0x0000000008001b48       0x68 ./Core/Inc/Summit/SSM1ST2420HC.o
                0x0000000008001b48                AMSParity
 .text.AMS5055_SPIWriteInt
                0x0000000008001bb0       0xdc ./Core/Inc/Summit/SSM1ST2420HC.o
                0x0000000008001bb0                AMS5055_SPIWriteInt
 .text.ENC_Get_Position
                0x0000000008001c8c       0x58 ./Core/Inc/Summit/SSM1ST2420HC.o
                0x0000000008001c8c                ENC_Get_Position
 .text.Read_IN  0x0000000008001ce4       0x44 ./Core/Inc/Summit/SSM1ST2420HC.o
                0x0000000008001ce4                Read_IN
 .text.HAL_CAN_RxFifo0MsgPendingCallback
                0x0000000008001d28       0x38 ./Core/Src/main.o
                0x0000000008001d28                HAL_CAN_RxFifo0MsgPendingCallback
 .text.HAL_GPIO_EXTI_Callback
                0x0000000008001d60       0x30 ./Core/Src/main.o
                0x0000000008001d60                HAL_GPIO_EXTI_Callback
 .text.main     0x0000000008001d90      0x1e4 ./Core/Src/main.o
                0x0000000008001d90                main
 .text.SystemClock_Config
                0x0000000008001f74       0x86 ./Core/Src/main.o
                0x0000000008001f74                SystemClock_Config
 *fill*         0x0000000008001ffa        0x2 
 .text.MX_ADC_Init
                0x0000000008001ffc       0xb8 ./Core/Src/main.o
 .text.MX_CAN_Init
                0x00000000080020b4       0xd8 ./Core/Src/main.o
 .text.MX_SPI1_Init
                0x000000000800218c       0x7c ./Core/Src/main.o
 .text.MX_SPI2_Init
                0x0000000008002208       0x7c ./Core/Src/main.o
 .text.MX_GPIO_Init
                0x0000000008002284      0x168 ./Core/Src/main.o
 .text.Error_Handler
                0x00000000080023ec        0xa ./Core/Src/main.o
                0x00000000080023ec                Error_Handler
 *fill*         0x00000000080023f6        0x2 
 .text.HAL_MspInit
                0x00000000080023f8       0x48 ./Core/Src/stm32f0xx_hal_msp.o
                0x00000000080023f8                HAL_MspInit
 .text.HAL_ADC_MspInit
                0x0000000008002440       0x8c ./Core/Src/stm32f0xx_hal_msp.o
                0x0000000008002440                HAL_ADC_MspInit
 .text.HAL_CAN_MspInit
                0x00000000080024cc       0xac ./Core/Src/stm32f0xx_hal_msp.o
                0x00000000080024cc                HAL_CAN_MspInit
 .text.HAL_SPI_MspInit
                0x0000000008002578      0x114 ./Core/Src/stm32f0xx_hal_msp.o
                0x0000000008002578                HAL_SPI_MspInit
 .text.NMI_Handler
                0x000000000800268c        0x6 ./Core/Src/stm32f0xx_it.o
                0x000000000800268c                NMI_Handler
 .text.HardFault_Handler
                0x0000000008002692        0x6 ./Core/Src/stm32f0xx_it.o
                0x0000000008002692                HardFault_Handler
 .text.SVC_Handler
                0x0000000008002698        0xa ./Core/Src/stm32f0xx_it.o
                0x0000000008002698                SVC_Handler
 .text.PendSV_Handler
                0x00000000080026a2        0xa ./Core/Src/stm32f0xx_it.o
                0x00000000080026a2                PendSV_Handler
 .text.SysTick_Handler
                0x00000000080026ac        0xe ./Core/Src/stm32f0xx_it.o
                0x00000000080026ac                SysTick_Handler
 .text.EXTI0_1_IRQHandler
                0x00000000080026ba       0x10 ./Core/Src/stm32f0xx_it.o
                0x00000000080026ba                EXTI0_1_IRQHandler
 *fill*         0x00000000080026ca        0x2 
 .text.CEC_CAN_IRQHandler
                0x00000000080026cc       0x18 ./Core/Src/stm32f0xx_it.o
                0x00000000080026cc                CEC_CAN_IRQHandler
 .text.SystemInit
                0x00000000080026e4        0xa ./Core/Src/system_stm32f0xx.o
                0x00000000080026e4                SystemInit
 *fill*         0x00000000080026ee        0x2 
 .text.Reset_Handler
                0x00000000080026f0       0x50 ./Core/Startup/startup_stm32f091cctx.o
                0x00000000080026f0                Reset_Handler
 .text.Default_Handler
                0x0000000008002740        0x2 ./Core/Startup/startup_stm32f091cctx.o
                0x0000000008002740                TIM1_CC_IRQHandler
                0x0000000008002740                TSC_IRQHandler
                0x0000000008002740                ADC1_COMP_IRQHandler
                0x0000000008002740                I2C1_IRQHandler
                0x0000000008002740                RCC_CRS_IRQHandler
                0x0000000008002740                SPI1_IRQHandler
                0x0000000008002740                TIM6_DAC_IRQHandler
                0x0000000008002740                DMA1_Ch1_IRQHandler
                0x0000000008002740                EXTI2_3_IRQHandler
                0x0000000008002740                I2C2_IRQHandler
                0x0000000008002740                TIM17_IRQHandler
                0x0000000008002740                RTC_IRQHandler
                0x0000000008002740                PVD_VDDIO2_IRQHandler
                0x0000000008002740                TIM16_IRQHandler
                0x0000000008002740                TIM3_IRQHandler
                0x0000000008002740                EXTI4_15_IRQHandler
                0x0000000008002740                USART3_8_IRQHandler
                0x0000000008002740                Default_Handler
                0x0000000008002740                TIM14_IRQHandler
                0x0000000008002740                TIM7_IRQHandler
                0x0000000008002740                TIM15_IRQHandler
                0x0000000008002740                SPI2_IRQHandler
                0x0000000008002740                DMA1_Ch2_3_DMA2_Ch1_2_IRQHandler
                0x0000000008002740                DMA1_Ch4_7_DMA2_Ch3_5_IRQHandler
                0x0000000008002740                WWDG_IRQHandler
                0x0000000008002740                TIM2_IRQHandler
                0x0000000008002740                USART2_IRQHandler
                0x0000000008002740                FLASH_IRQHandler
                0x0000000008002740                USART1_IRQHandler
                0x0000000008002740                TIM1_BRK_UP_TRG_COM_IRQHandler
 *fill*         0x0000000008002742        0x2 
 .text.HAL_Init
                0x0000000008002744       0x28 ./Drivers/STM32F0xx_HAL_Driver/Src/stm32f0xx_hal.o
                0x0000000008002744                HAL_Init
 .text.HAL_InitTick
                0x000000000800276c       0x68 ./Drivers/STM32F0xx_HAL_Driver/Src/stm32f0xx_hal.o
                0x000000000800276c                HAL_InitTick
 .text.HAL_IncTick
                0x00000000080027d4       0x24 ./Drivers/STM32F0xx_HAL_Driver/Src/stm32f0xx_hal.o
                0x00000000080027d4                HAL_IncTick
 .text.HAL_GetTick
                0x00000000080027f8       0x14 ./Drivers/STM32F0xx_HAL_Driver/Src/stm32f0xx_hal.o
                0x00000000080027f8                HAL_GetTick
 .text.HAL_Delay
                0x000000000800280c       0x48 ./Drivers/STM32F0xx_HAL_Driver/Src/stm32f0xx_hal.o
                0x000000000800280c                HAL_Delay
 .text.HAL_ADC_Init
                0x0000000008002854      0x280 ./Drivers/STM32F0xx_HAL_Driver/Src/stm32f0xx_hal_adc.o
                0x0000000008002854                HAL_ADC_Init
 .text.HAL_ADC_ConfigChannel
                0x0000000008002ad4      0x21c ./Drivers/STM32F0xx_HAL_Driver/Src/stm32f0xx_hal_adc.o
                0x0000000008002ad4                HAL_ADC_ConfigChannel
 .text.HAL_CAN_Init
                0x0000000008002cf0      0x1fc ./Drivers/STM32F0xx_HAL_Driver/Src/stm32f0xx_hal_can.o
                0x0000000008002cf0                HAL_CAN_Init
 .text.HAL_CAN_ConfigFilter
                0x0000000008002eec      0x1e4 ./Drivers/STM32F0xx_HAL_Driver/Src/stm32f0xx_hal_can.o
                0x0000000008002eec                HAL_CAN_ConfigFilter
 .text.HAL_CAN_Start
                0x00000000080030d0       0x8c ./Drivers/STM32F0xx_HAL_Driver/Src/stm32f0xx_hal_can.o
                0x00000000080030d0                HAL_CAN_Start
 .text.HAL_CAN_GetRxMessage
                0x000000000800315c      0x238 ./Drivers/STM32F0xx_HAL_Driver/Src/stm32f0xx_hal_can.o
                0x000000000800315c                HAL_CAN_GetRxMessage
 .text.HAL_CAN_ActivateNotification
                0x0000000008003394       0x54 ./Drivers/STM32F0xx_HAL_Driver/Src/stm32f0xx_hal_can.o
                0x0000000008003394                HAL_CAN_ActivateNotification
 .text.HAL_CAN_IRQHandler
                0x00000000080033e8      0x368 ./Drivers/STM32F0xx_HAL_Driver/Src/stm32f0xx_hal_can.o
                0x00000000080033e8                HAL_CAN_IRQHandler
 .text.HAL_CAN_TxMailbox0CompleteCallback
                0x0000000008003750       0x10 ./Drivers/STM32F0xx_HAL_Driver/Src/stm32f0xx_hal_can.o
                0x0000000008003750                HAL_CAN_TxMailbox0CompleteCallback
 .text.HAL_CAN_TxMailbox1CompleteCallback
                0x0000000008003760       0x10 ./Drivers/STM32F0xx_HAL_Driver/Src/stm32f0xx_hal_can.o
                0x0000000008003760                HAL_CAN_TxMailbox1CompleteCallback
 .text.HAL_CAN_TxMailbox2CompleteCallback
                0x0000000008003770       0x10 ./Drivers/STM32F0xx_HAL_Driver/Src/stm32f0xx_hal_can.o
                0x0000000008003770                HAL_CAN_TxMailbox2CompleteCallback
 .text.HAL_CAN_TxMailbox0AbortCallback
                0x0000000008003780       0x10 ./Drivers/STM32F0xx_HAL_Driver/Src/stm32f0xx_hal_can.o
                0x0000000008003780                HAL_CAN_TxMailbox0AbortCallback
 .text.HAL_CAN_TxMailbox1AbortCallback
                0x0000000008003790       0x10 ./Drivers/STM32F0xx_HAL_Driver/Src/stm32f0xx_hal_can.o
                0x0000000008003790                HAL_CAN_TxMailbox1AbortCallback
 .text.HAL_CAN_TxMailbox2AbortCallback
                0x00000000080037a0       0x10 ./Drivers/STM32F0xx_HAL_Driver/Src/stm32f0xx_hal_can.o
                0x00000000080037a0                HAL_CAN_TxMailbox2AbortCallback
 .text.HAL_CAN_RxFifo0FullCallback
                0x00000000080037b0       0x10 ./Drivers/STM32F0xx_HAL_Driver/Src/stm32f0xx_hal_can.o
                0x00000000080037b0                HAL_CAN_RxFifo0FullCallback
 .text.HAL_CAN_RxFifo1MsgPendingCallback
                0x00000000080037c0       0x10 ./Drivers/STM32F0xx_HAL_Driver/Src/stm32f0xx_hal_can.o
                0x00000000080037c0                HAL_CAN_RxFifo1MsgPendingCallback
 .text.HAL_CAN_RxFifo1FullCallback
                0x00000000080037d0       0x10 ./Drivers/STM32F0xx_HAL_Driver/Src/stm32f0xx_hal_can.o
                0x00000000080037d0                HAL_CAN_RxFifo1FullCallback
 .text.HAL_CAN_SleepCallback
                0x00000000080037e0       0x10 ./Drivers/STM32F0xx_HAL_Driver/Src/stm32f0xx_hal_can.o
                0x00000000080037e0                HAL_CAN_SleepCallback
 .text.HAL_CAN_WakeUpFromRxMsgCallback
                0x00000000080037f0       0x10 ./Drivers/STM32F0xx_HAL_Driver/Src/stm32f0xx_hal_can.o
                0x00000000080037f0                HAL_CAN_WakeUpFromRxMsgCallback
 .text.HAL_CAN_ErrorCallback
                0x0000000008003800       0x10 ./Drivers/STM32F0xx_HAL_Driver/Src/stm32f0xx_hal_can.o
                0x0000000008003800                HAL_CAN_ErrorCallback
 .text.__NVIC_EnableIRQ
                0x0000000008003810       0x34 ./Drivers/STM32F0xx_HAL_Driver/Src/stm32f0xx_hal_cortex.o
 .text.__NVIC_SetPriority
                0x0000000008003844       0xdc ./Drivers/STM32F0xx_HAL_Driver/Src/stm32f0xx_hal_cortex.o
 .text.SysTick_Config
                0x0000000008003920       0x48 ./Drivers/STM32F0xx_HAL_Driver/Src/stm32f0xx_hal_cortex.o
 .text.HAL_NVIC_SetPriority
                0x0000000008003968       0x2a ./Drivers/STM32F0xx_HAL_Driver/Src/stm32f0xx_hal_cortex.o
                0x0000000008003968                HAL_NVIC_SetPriority
 .text.HAL_NVIC_EnableIRQ
                0x0000000008003992       0x20 ./Drivers/STM32F0xx_HAL_Driver/Src/stm32f0xx_hal_cortex.o
                0x0000000008003992                HAL_NVIC_EnableIRQ
 .text.HAL_SYSTICK_Config
                0x00000000080039b2       0x1a ./Drivers/STM32F0xx_HAL_Driver/Src/stm32f0xx_hal_cortex.o
                0x00000000080039b2                HAL_SYSTICK_Config
 .text.HAL_GPIO_Init
                0x00000000080039cc      0x2f0 ./Drivers/STM32F0xx_HAL_Driver/Src/stm32f0xx_hal_gpio.o
                0x00000000080039cc                HAL_GPIO_Init
 .text.HAL_GPIO_ReadPin
                0x0000000008003cbc       0x3a ./Drivers/STM32F0xx_HAL_Driver/Src/stm32f0xx_hal_gpio.o
                0x0000000008003cbc                HAL_GPIO_ReadPin
 .text.HAL_GPIO_WritePin
                0x0000000008003cf6       0x3a ./Drivers/STM32F0xx_HAL_Driver/Src/stm32f0xx_hal_gpio.o
                0x0000000008003cf6                HAL_GPIO_WritePin
 .text.HAL_GPIO_EXTI_IRQHandler
                0x0000000008003d30       0x38 ./Drivers/STM32F0xx_HAL_Driver/Src/stm32f0xx_hal_gpio.o
                0x0000000008003d30                HAL_GPIO_EXTI_IRQHandler
 .text.HAL_RCC_OscConfig
                0x0000000008003d68      0x70c ./Drivers/STM32F0xx_HAL_Driver/Src/stm32f0xx_hal_rcc.o
                0x0000000008003d68                HAL_RCC_OscConfig
 .text.HAL_RCC_ClockConfig
                0x0000000008004474      0x1b4 ./Drivers/STM32F0xx_HAL_Driver/Src/stm32f0xx_hal_rcc.o
                0x0000000008004474                HAL_RCC_ClockConfig
 .text.HAL_RCC_GetSysClockFreq
                0x0000000008004628      0x104 ./Drivers/STM32F0xx_HAL_Driver/Src/stm32f0xx_hal_rcc.o
                0x0000000008004628                HAL_RCC_GetSysClockFreq
 .text.HAL_SPI_Init
                0x000000000800472c      0x170 ./Drivers/STM32F0xx_HAL_Driver/Src/stm32f0xx_hal_spi.o
                0x000000000800472c                HAL_SPI_Init
 .text.HAL_SPI_TransmitReceive
                0x000000000800489c      0x3a4 ./Drivers/STM32F0xx_HAL_Driver/Src/stm32f0xx_hal_spi.o
                0x000000000800489c                HAL_SPI_TransmitReceive
 .text.SPI_WaitFlagStateUntilTimeout
                0x0000000008004c40      0x11c ./Drivers/STM32F0xx_HAL_Driver/Src/stm32f0xx_hal_spi.o
 .text.SPI_WaitFifoStateUntilTimeout
                0x0000000008004d5c      0x144 ./Drivers/STM32F0xx_HAL_Driver/Src/stm32f0xx_hal_spi.o
 .text.SPI_EndRxTxTransaction
                0x0000000008004ea0       0x8c ./Drivers/STM32F0xx_HAL_Driver/Src/stm32f0xx_hal_spi.o
 .text.__libc_init_array
                0x0000000008004f2c       0x48 c:/st/stm32cubeide_1.9.0/stm32cubeide/plugins/com.st.stm32cube.ide.mcu.externaltools.gnu-tools-for-stm32.10.3-2021.10.win32_1.0.0.202111181127/tools/bin/../lib/gcc/arm-none-eabi/10.3.1/../../../../arm-none-eabi/lib/thumb/v6-m/nofp\libc_nano.a(lib_a-init.o)
                0x0000000008004f2c                __libc_init_array
 .text.memset   0x0000000008004f74       0x10 c:/st/stm32cubeide_1.9.0/stm32cubeide/plugins/com.st.stm32cube.ide.mcu.externaltools.gnu-tools-for-stm32.10.3-2021.10.win32_1.0.0.202111181127/tools/bin/../lib/gcc/arm-none-eabi/10.3.1/../../../../arm-none-eabi/lib/thumb/v6-m/nofp\libc_nano.a(lib_a-memset.o)
                0x0000000008004f74                memset
 *(.glue_7)
 .glue_7        0x0000000008004f84        0x0 linker stubs
 *(.glue_7t)
 .glue_7t       0x0000000008004f84        0x0 linker stubs
 *(.eh_frame)
 .eh_frame      0x0000000008004f84        0x0 c:/st/stm32cubeide_1.9.0/stm32cubeide/plugins/com.st.stm32cube.ide.mcu.externaltools.gnu-tools-for-stm32.10.3-2021.10.win32_1.0.0.202111181127/tools/bin/../lib/gcc/arm-none-eabi/10.3.1/thumb/v6-m/nofp/crtbegin.o
 *(.init)
 .init          0x0000000008004f84        0x4 c:/st/stm32cubeide_1.9.0/stm32cubeide/plugins/com.st.stm32cube.ide.mcu.externaltools.gnu-tools-for-stm32.10.3-2021.10.win32_1.0.0.202111181127/tools/bin/../lib/gcc/arm-none-eabi/10.3.1/thumb/v6-m/nofp/crti.o
                0x0000000008004f84                _init
 .init          0x0000000008004f88        0x8 c:/st/stm32cubeide_1.9.0/stm32cubeide/plugins/com.st.stm32cube.ide.mcu.externaltools.gnu-tools-for-stm32.10.3-2021.10.win32_1.0.0.202111181127/tools/bin/../lib/gcc/arm-none-eabi/10.3.1/thumb/v6-m/nofp/crtn.o
 *(.fini)
 .fini          0x0000000008004f90        0x4 c:/st/stm32cubeide_1.9.0/stm32cubeide/plugins/com.st.stm32cube.ide.mcu.externaltools.gnu-tools-for-stm32.10.3-2021.10.win32_1.0.0.202111181127/tools/bin/../lib/gcc/arm-none-eabi/10.3.1/thumb/v6-m/nofp/crti.o
                0x0000000008004f90                _fini
 .fini          0x0000000008004f94        0x8 c:/st/stm32cubeide_1.9.0/stm32cubeide/plugins/com.st.stm32cube.ide.mcu.externaltools.gnu-tools-for-stm32.10.3-2021.10.win32_1.0.0.202111181127/tools/bin/../lib/gcc/arm-none-eabi/10.3.1/thumb/v6-m/nofp/crtn.o
                0x0000000008004f9c                . = ALIGN (0x4)
                0x0000000008004f9c                _etext = .

.vfp11_veneer   0x0000000008004f9c        0x0
 .vfp11_veneer  0x0000000008004f9c        0x0 linker stubs

.v4_bx          0x0000000008004f9c        0x0
 .v4_bx         0x0000000008004f9c        0x0 linker stubs

.iplt           0x0000000008004f9c        0x0
 .iplt          0x0000000008004f9c        0x0 c:/st/stm32cubeide_1.9.0/stm32cubeide/plugins/com.st.stm32cube.ide.mcu.externaltools.gnu-tools-for-stm32.10.3-2021.10.win32_1.0.0.202111181127/tools/bin/../lib/gcc/arm-none-eabi/10.3.1/thumb/v6-m/nofp/crtbegin.o

.rodata         0x0000000008004f9c       0x70
                0x0000000008004f9c                . = ALIGN (0x4)
 *(.rodata)
 .rodata        0x0000000008004f9c       0x20 ./Drivers/STM32F0xx_HAL_Driver/Src/stm32f0xx_hal_rcc.o
 .rodata        0x0000000008004fbc       0x40 c:/st/stm32cubeide_1.9.0/stm32cubeide/plugins/com.st.stm32cube.ide.mcu.externaltools.gnu-tools-for-stm32.10.3-2021.10.win32_1.0.0.202111181127/tools/bin/../lib/gcc/arm-none-eabi/10.3.1/thumb/v6-m/nofp\libgcc.a(muldf3.o)
 *(.rodata*)
 .rodata.AHBPrescTable
                0x0000000008004ffc       0x10 ./Core/Src/system_stm32f0xx.o
                0x0000000008004ffc                AHBPrescTable
                0x000000000800500c                . = ALIGN (0x4)

.rel.dyn        0x000000000800500c        0x0
 .rel.iplt      0x000000000800500c        0x0 c:/st/stm32cubeide_1.9.0/stm32cubeide/plugins/com.st.stm32cube.ide.mcu.externaltools.gnu-tools-for-stm32.10.3-2021.10.win32_1.0.0.202111181127/tools/bin/../lib/gcc/arm-none-eabi/10.3.1/thumb/v6-m/nofp/crtbegin.o

.ARM.extab      0x000000000800500c        0x0
                0x000000000800500c                . = ALIGN (0x4)
 *(.ARM.extab* .gnu.linkonce.armextab.*)
                0x000000000800500c                . = ALIGN (0x4)

.ARM            0x000000000800500c        0x0
                0x000000000800500c                . = ALIGN (0x4)
                0x000000000800500c                __exidx_start = .
 *(.ARM.exidx*)
                0x000000000800500c                __exidx_end = .
                0x000000000800500c                . = ALIGN (0x4)

.preinit_array  0x000000000800500c        0x0
                0x000000000800500c                . = ALIGN (0x4)
                0x000000000800500c                PROVIDE (__preinit_array_start = .)
 *(.preinit_array*)
                0x000000000800500c                PROVIDE (__preinit_array_end = .)
                0x000000000800500c                . = ALIGN (0x4)

.init_array     0x000000000800500c        0x4
                0x000000000800500c                . = ALIGN (0x4)
                0x000000000800500c                PROVIDE (__init_array_start = .)
 *(SORT_BY_NAME(.init_array.*))
 *(.init_array*)
 .init_array    0x000000000800500c        0x4 c:/st/stm32cubeide_1.9.0/stm32cubeide/plugins/com.st.stm32cube.ide.mcu.externaltools.gnu-tools-for-stm32.10.3-2021.10.win32_1.0.0.202111181127/tools/bin/../lib/gcc/arm-none-eabi/10.3.1/thumb/v6-m/nofp/crtbegin.o
                0x0000000008005010                PROVIDE (__init_array_end = .)
                0x0000000008005010                . = ALIGN (0x4)

.fini_array     0x0000000008005010        0x4
                0x0000000008005010                . = ALIGN (0x4)
                [!provide]                        PROVIDE (__fini_array_start = .)
 *(SORT_BY_NAME(.fini_array.*))
 *(.fini_array*)
 .fini_array    0x0000000008005010        0x4 c:/st/stm32cubeide_1.9.0/stm32cubeide/plugins/com.st.stm32cube.ide.mcu.externaltools.gnu-tools-for-stm32.10.3-2021.10.win32_1.0.0.202111181127/tools/bin/../lib/gcc/arm-none-eabi/10.3.1/thumb/v6-m/nofp/crtbegin.o
                [!provide]                        PROVIDE (__fini_array_end = .)
                0x0000000008005014                . = ALIGN (0x4)
                0x0000000008005014                _sidata = LOADADDR (.data)

.data           0x0000000020000000        0xc load address 0x0000000008005014
                0x0000000020000000                . = ALIGN (0x4)
                0x0000000020000000                _sdata = .
 *(.data)
 *(.data*)
 .data.SystemCoreClock
                0x0000000020000000        0x4 ./Core/Src/system_stm32f0xx.o
                0x0000000020000000                SystemCoreClock
 .data.uwTickPrio
                0x0000000020000004        0x4 ./Drivers/STM32F0xx_HAL_Driver/Src/stm32f0xx_hal.o
                0x0000000020000004                uwTickPrio
 .data.uwTickFreq
                0x0000000020000008        0x1 ./Drivers/STM32F0xx_HAL_Driver/Src/stm32f0xx_hal.o
                0x0000000020000008                uwTickFreq
 *(.RamFunc)
 *(.RamFunc*)
                0x000000002000000c                . = ALIGN (0x4)
 *fill*         0x0000000020000009        0x3 
                0x000000002000000c                _edata = .

.igot.plt       0x000000002000000c        0x0 load address 0x0000000008005020
 .igot.plt      0x000000002000000c        0x0 c:/st/stm32cubeide_1.9.0/stm32cubeide/plugins/com.st.stm32cube.ide.mcu.externaltools.gnu-tools-for-stm32.10.3-2021.10.win32_1.0.0.202111181127/tools/bin/../lib/gcc/arm-none-eabi/10.3.1/thumb/v6-m/nofp/crtbegin.o
                0x000000002000000c                . = ALIGN (0x4)

.bss            0x000000002000000c     0x31a8 load address 0x0000000008005020
                0x000000002000000c                _sbss = .
                0x000000002000000c                __bss_start__ = _sbss
 *(.bss)
 .bss           0x000000002000000c       0x1c c:/st/stm32cubeide_1.9.0/stm32cubeide/plugins/com.st.stm32cube.ide.mcu.externaltools.gnu-tools-for-stm32.10.3-2021.10.win32_1.0.0.202111181127/tools/bin/../lib/gcc/arm-none-eabi/10.3.1/thumb/v6-m/nofp/crtbegin.o
 *(.bss*)
 .bss.AMSoffset
                0x0000000020000028        0x2 ./Core/Inc/Summit/SSM1ST2420HC.o
                0x0000000020000028                AMSoffset
 *fill*         0x000000002000002a        0x2 
 .bss.SG_RESULTS
                0x000000002000002c      0xfa0 ./Core/Inc/Summit/SSM1ST2420HC.o
                0x000000002000002c                SG_RESULTS
 .bss.x         0x0000000020000fcc        0x4 ./Core/Inc/Summit/SSM1ST2420HC.o
                0x0000000020000fcc                x
 .bss.hadc      0x0000000020000fd0       0x40 ./Core/Src/main.o
                0x0000000020000fd0                hadc
 .bss.hcan      0x0000000020001010       0x28 ./Core/Src/main.o
                0x0000000020001010                hcan
 .bss.hspi1     0x0000000020001038       0x64 ./Core/Src/main.o
                0x0000000020001038                hspi1
 .bss.hspi2     0x000000002000109c       0x64 ./Core/Src/main.o
                0x000000002000109c                hspi2
 .bss.Ramp1     0x0000000020001100       0x20 ./Core/Src/main.o
                0x0000000020001100                Ramp1
 .bss.StallSettings1
                0x0000000020001120       0x20 ./Core/Src/main.o
                0x0000000020001120                StallSettings1
 .bss.StealthSettings1
                0x0000000020001140       0x20 ./Core/Src/main.o
                0x0000000020001140                StealthSettings1
 .bss.CurrentSetting1
                0x0000000020001160        0x8 ./Core/Src/main.o
                0x0000000020001160                CurrentSetting1
 .bss.CANRxHeader
                0x0000000020001168       0x1c ./Core/Src/main.o
                0x0000000020001168                CANRxHeader
 .bss.CANRxData
                0x0000000020001184        0x8 ./Core/Src/main.o
                0x0000000020001184                CANRxData
 .bss.Datacheck
                0x000000002000118c        0x4 ./Core/Src/main.o
                0x000000002000118c                Datacheck
 .bss.Angles    0x0000000020001190     0x2008 ./Core/Src/main.o
                0x0000000020001190                Angles
 .bss.Ax        0x0000000020003198        0x4 ./Core/Src/main.o
                0x0000000020003198                Ax
 .bss.AMS_Ready
                0x000000002000319c        0x1 ./Core/Src/main.o
                0x000000002000319c                AMS_Ready
 *fill*         0x000000002000319d        0x3 
 .bss.AMS_ENB   0x00000000200031a0        0x4 ./Core/Src/main.o
                0x00000000200031a0                AMS_ENB
 .bss.ENC_ENB   0x00000000200031a4        0x4 ./Core/Src/main.o
                0x00000000200031a4                ENC_ENB
 .bss.STG_ENB   0x00000000200031a8        0x4 ./Core/Src/main.o
                0x00000000200031a8                STG_ENB
 .bss.Readin2   0x00000000200031ac        0x4 ./Core/Src/main.o
                0x00000000200031ac                Readin2
 .bss.uwTick    0x00000000200031b0        0x4 ./Drivers/STM32F0xx_HAL_Driver/Src/stm32f0xx_hal.o
                0x00000000200031b0                uwTick
 *(COMMON)
                0x00000000200031b4                . = ALIGN (0x4)
                0x00000000200031b4                _ebss = .
                0x00000000200031b4                __bss_end__ = _ebss

._user_heap_stack
                0x00000000200031b4      0x604 load address 0x0000000008005020
                0x00000000200031b8                . = ALIGN (0x8)
 *fill*         0x00000000200031b4        0x4 
                [!provide]                        PROVIDE (end = .)
                0x00000000200031b8                PROVIDE (_end = .)
                0x00000000200033b8                . = (. + _Min_Heap_Size)
 *fill*         0x00000000200031b8      0x200 
                0x00000000200037b8                . = (. + _Min_Stack_Size)
 *fill*         0x00000000200033b8      0x400 
                0x00000000200037b8                . = ALIGN (0x8)

/DISCARD/
 libc.a(*)
 libm.a(*)
 libgcc.a(*)

.ARM.attributes
                0x0000000000000000       0x28
 *(.ARM.attributes)
 .ARM.attributes
                0x0000000000000000       0x1e c:/st/stm32cubeide_1.9.0/stm32cubeide/plugins/com.st.stm32cube.ide.mcu.externaltools.gnu-tools-for-stm32.10.3-2021.10.win32_1.0.0.202111181127/tools/bin/../lib/gcc/arm-none-eabi/10.3.1/thumb/v6-m/nofp/crti.o
 .ARM.attributes
                0x000000000000001e       0x2c c:/st/stm32cubeide_1.9.0/stm32cubeide/plugins/com.st.stm32cube.ide.mcu.externaltools.gnu-tools-for-stm32.10.3-2021.10.win32_1.0.0.202111181127/tools/bin/../lib/gcc/arm-none-eabi/10.3.1/thumb/v6-m/nofp/crtbegin.o
 .ARM.attributes
                0x000000000000004a       0x2c ./Core/Inc/Summit/SSM1ST2420HC.o
 .ARM.attributes
                0x0000000000000076       0x2c ./Core/Src/main.o
 .ARM.attributes
                0x00000000000000a2       0x2c ./Core/Src/stm32f0xx_hal_msp.o
 .ARM.attributes
                0x00000000000000ce       0x2c ./Core/Src/stm32f0xx_it.o
 .ARM.attributes
                0x00000000000000fa       0x2c ./Core/Src/system_stm32f0xx.o
 .ARM.attributes
                0x0000000000000126       0x21 ./Core/Startup/startup_stm32f091cctx.o
 .ARM.attributes
                0x0000000000000147       0x2c ./Drivers/STM32F0xx_HAL_Driver/Src/stm32f0xx_hal.o
 .ARM.attributes
                0x0000000000000173       0x2c ./Drivers/STM32F0xx_HAL_Driver/Src/stm32f0xx_hal_adc.o
 .ARM.attributes
                0x000000000000019f       0x2c ./Drivers/STM32F0xx_HAL_Driver/Src/stm32f0xx_hal_can.o
 .ARM.attributes
                0x00000000000001cb       0x2c ./Drivers/STM32F0xx_HAL_Driver/Src/stm32f0xx_hal_cortex.o
 .ARM.attributes
                0x00000000000001f7       0x2c ./Drivers/STM32F0xx_HAL_Driver/Src/stm32f0xx_hal_gpio.o
 .ARM.attributes
                0x0000000000000223       0x2c ./Drivers/STM32F0xx_HAL_Driver/Src/stm32f0xx_hal_rcc.o
 .ARM.attributes
                0x000000000000024f       0x2c ./Drivers/STM32F0xx_HAL_Driver/Src/stm32f0xx_hal_spi.o
 .ARM.attributes
                0x000000000000027b       0x2c c:/st/stm32cubeide_1.9.0/stm32cubeide/plugins/com.st.stm32cube.ide.mcu.externaltools.gnu-tools-for-stm32.10.3-2021.10.win32_1.0.0.202111181127/tools/bin/../lib/gcc/arm-none-eabi/10.3.1/../../../../arm-none-eabi/lib/thumb/v6-m/nofp\libc_nano.a(lib_a-init.o)
 .ARM.attributes
                0x00000000000002a7       0x2c c:/st/stm32cubeide_1.9.0/stm32cubeide/plugins/com.st.stm32cube.ide.mcu.externaltools.gnu-tools-for-stm32.10.3-2021.10.win32_1.0.0.202111181127/tools/bin/../lib/gcc/arm-none-eabi/10.3.1/../../../../arm-none-eabi/lib/thumb/v6-m/nofp\libc_nano.a(lib_a-memset.o)
 .ARM.attributes
                0x00000000000002d3       0x1e c:/st/stm32cubeide_1.9.0/stm32cubeide/plugins/com.st.stm32cube.ide.mcu.externaltools.gnu-tools-for-stm32.10.3-2021.10.win32_1.0.0.202111181127/tools/bin/../lib/gcc/arm-none-eabi/10.3.1/thumb/v6-m/nofp\libgcc.a(_udivsi3.o)
 .ARM.attributes
                0x00000000000002f1       0x1e c:/st/stm32cubeide_1.9.0/stm32cubeide/plugins/com.st.stm32cube.ide.mcu.externaltools.gnu-tools-for-stm32.10.3-2021.10.win32_1.0.0.202111181127/tools/bin/../lib/gcc/arm-none-eabi/10.3.1/thumb/v6-m/nofp\libgcc.a(_divsi3.o)
 .ARM.attributes
                0x000000000000030f       0x1e c:/st/stm32cubeide_1.9.0/stm32cubeide/plugins/com.st.stm32cube.ide.mcu.externaltools.gnu-tools-for-stm32.10.3-2021.10.win32_1.0.0.202111181127/tools/bin/../lib/gcc/arm-none-eabi/10.3.1/thumb/v6-m/nofp\libgcc.a(_dvmd_tls.o)
 .ARM.attributes
                0x000000000000032d       0x2c c:/st/stm32cubeide_1.9.0/stm32cubeide/plugins/com.st.stm32cube.ide.mcu.externaltools.gnu-tools-for-stm32.10.3-2021.10.win32_1.0.0.202111181127/tools/bin/../lib/gcc/arm-none-eabi/10.3.1/thumb/v6-m/nofp\libgcc.a(_fixunsdfsi.o)
 .ARM.attributes
                0x0000000000000359       0x2c c:/st/stm32cubeide_1.9.0/stm32cubeide/plugins/com.st.stm32cube.ide.mcu.externaltools.gnu-tools-for-stm32.10.3-2021.10.win32_1.0.0.202111181127/tools/bin/../lib/gcc/arm-none-eabi/10.3.1/thumb/v6-m/nofp\libgcc.a(muldf3.o)
 .ARM.attributes
                0x0000000000000385       0x2c c:/st/stm32cubeide_1.9.0/stm32cubeide/plugins/com.st.stm32cube.ide.mcu.externaltools.gnu-tools-for-stm32.10.3-2021.10.win32_1.0.0.202111181127/tools/bin/../lib/gcc/arm-none-eabi/10.3.1/thumb/v6-m/nofp\libgcc.a(subdf3.o)
 .ARM.attributes
                0x00000000000003b1       0x2c c:/st/stm32cubeide_1.9.0/stm32cubeide/plugins/com.st.stm32cube.ide.mcu.externaltools.gnu-tools-for-stm32.10.3-2021.10.win32_1.0.0.202111181127/tools/bin/../lib/gcc/arm-none-eabi/10.3.1/thumb/v6-m/nofp\libgcc.a(fixdfsi.o)
 .ARM.attributes
                0x00000000000003dd       0x2c c:/st/stm32cubeide_1.9.0/stm32cubeide/plugins/com.st.stm32cube.ide.mcu.externaltools.gnu-tools-for-stm32.10.3-2021.10.win32_1.0.0.202111181127/tools/bin/../lib/gcc/arm-none-eabi/10.3.1/thumb/v6-m/nofp\libgcc.a(floatunsidf.o)
 .ARM.attributes
                0x0000000000000409       0x1e c:/st/stm32cubeide_1.9.0/stm32cubeide/plugins/com.st.stm32cube.ide.mcu.externaltools.gnu-tools-for-stm32.10.3-2021.10.win32_1.0.0.202111181127/tools/bin/../lib/gcc/arm-none-eabi/10.3.1/thumb/v6-m/nofp\libgcc.a(_arm_cmpdf2.o)
 .ARM.attributes
                0x0000000000000427       0x1e c:/st/stm32cubeide_1.9.0/stm32cubeide/plugins/com.st.stm32cube.ide.mcu.externaltools.gnu-tools-for-stm32.10.3-2021.10.win32_1.0.0.202111181127/tools/bin/../lib/gcc/arm-none-eabi/10.3.1/thumb/v6-m/nofp\libgcc.a(_clzsi2.o)
 .ARM.attributes
                0x0000000000000445       0x2c c:/st/stm32cubeide_1.9.0/stm32cubeide/plugins/com.st.stm32cube.ide.mcu.externaltools.gnu-tools-for-stm32.10.3-2021.10.win32_1.0.0.202111181127/tools/bin/../lib/gcc/arm-none-eabi/10.3.1/thumb/v6-m/nofp\libgcc.a(eqdf2.o)
 .ARM.attributes
                0x0000000000000471       0x2c c:/st/stm32cubeide_1.9.0/stm32cubeide/plugins/com.st.stm32cube.ide.mcu.externaltools.gnu-tools-for-stm32.10.3-2021.10.win32_1.0.0.202111181127/tools/bin/../lib/gcc/arm-none-eabi/10.3.1/thumb/v6-m/nofp\libgcc.a(gedf2.o)
 .ARM.attributes
                0x000000000000049d       0x2c c:/st/stm32cubeide_1.9.0/stm32cubeide/plugins/com.st.stm32cube.ide.mcu.externaltools.gnu-tools-for-stm32.10.3-2021.10.win32_1.0.0.202111181127/tools/bin/../lib/gcc/arm-none-eabi/10.3.1/thumb/v6-m/nofp\libgcc.a(ledf2.o)
 .ARM.attributes
                0x00000000000004c9       0x1e c:/st/stm32cubeide_1.9.0/stm32cubeide/plugins/com.st.stm32cube.ide.mcu.externaltools.gnu-tools-for-stm32.10.3-2021.10.win32_1.0.0.202111181127/tools/bin/../lib/gcc/arm-none-eabi/10.3.1/thumb/v6-m/nofp/crtn.o
OUTPUT(1_AXIS_F091_MAIN.elf elf32-littlearm)
LOAD linker stubs
LOAD c:/st/stm32cubeide_1.9.0/stm32cubeide/plugins/com.st.stm32cube.ide.mcu.externaltools.gnu-tools-for-stm32.10.3-2021.10.win32_1.0.0.202111181127/tools/bin/../lib/gcc/arm-none-eabi/10.3.1/../../../../arm-none-eabi/lib/thumb/v6-m/nofp\libc.a
LOAD c:/st/stm32cubeide_1.9.0/stm32cubeide/plugins/com.st.stm32cube.ide.mcu.externaltools.gnu-tools-for-stm32.10.3-2021.10.win32_1.0.0.202111181127/tools/bin/../lib/gcc/arm-none-eabi/10.3.1/../../../../arm-none-eabi/lib/thumb/v6-m/nofp\libm.a
LOAD c:/st/stm32cubeide_1.9.0/stm32cubeide/plugins/com.st.stm32cube.ide.mcu.externaltools.gnu-tools-for-stm32.10.3-2021.10.win32_1.0.0.202111181127/tools/bin/../lib/gcc/arm-none-eabi/10.3.1/thumb/v6-m/nofp\libgcc.a

.debug_info     0x0000000000000000     0x92ff
 .debug_info    0x0000000000000000      0xfff ./Core/Inc/Summit/SSM1ST2420HC.o
 .debug_info    0x0000000000000fff     0x1896 ./Core/Src/main.o
 .debug_info    0x0000000000002895     0x114e ./Core/Src/stm32f0xx_hal_msp.o
 .debug_info    0x00000000000039e3      0x535 ./Core/Src/stm32f0xx_it.o
 .debug_info    0x0000000000003f18      0x269 ./Core/Src/system_stm32f0xx.o
 .debug_info    0x0000000000004181       0x22 ./Core/Startup/startup_stm32f091cctx.o
 .debug_info    0x00000000000041a3      0x6f0 ./Drivers/STM32F0xx_HAL_Driver/Src/stm32f0xx_hal.o
 .debug_info    0x0000000000004893      0xd29 ./Drivers/STM32F0xx_HAL_Driver/Src/stm32f0xx_hal_adc.o
 .debug_info    0x00000000000055bc      0xf63 ./Drivers/STM32F0xx_HAL_Driver/Src/stm32f0xx_hal_can.o
 .debug_info    0x000000000000651f      0x71d ./Drivers/STM32F0xx_HAL_Driver/Src/stm32f0xx_hal_cortex.o
 .debug_info    0x0000000000006c3c      0x66a ./Drivers/STM32F0xx_HAL_Driver/Src/stm32f0xx_hal_gpio.o
 .debug_info    0x00000000000072a6      0x8ac ./Drivers/STM32F0xx_HAL_Driver/Src/stm32f0xx_hal_rcc.o
 .debug_info    0x0000000000007b52     0x17ad ./Drivers/STM32F0xx_HAL_Driver/Src/stm32f0xx_hal_spi.o

.debug_abbrev   0x0000000000000000     0x19f9
 .debug_abbrev  0x0000000000000000      0x2e5 ./Core/Inc/Summit/SSM1ST2420HC.o
 .debug_abbrev  0x00000000000002e5      0x32d ./Core/Src/main.o
 .debug_abbrev  0x0000000000000612      0x210 ./Core/Src/stm32f0xx_hal_msp.o
 .debug_abbrev  0x0000000000000822      0x163 ./Core/Src/stm32f0xx_it.o
 .debug_abbrev  0x0000000000000985      0x116 ./Core/Src/system_stm32f0xx.o
 .debug_abbrev  0x0000000000000a9b       0x12 ./Core/Startup/startup_stm32f091cctx.o
 .debug_abbrev  0x0000000000000aad      0x20e ./Drivers/STM32F0xx_HAL_Driver/Src/stm32f0xx_hal.o
 .debug_abbrev  0x0000000000000cbb      0x243 ./Drivers/STM32F0xx_HAL_Driver/Src/stm32f0xx_hal_adc.o
 .debug_abbrev  0x0000000000000efe      0x1c5 ./Drivers/STM32F0xx_HAL_Driver/Src/stm32f0xx_hal_can.o
 .debug_abbrev  0x00000000000010c3      0x283 ./Drivers/STM32F0xx_HAL_Driver/Src/stm32f0xx_hal_cortex.o
 .debug_abbrev  0x0000000000001346      0x1ca ./Drivers/STM32F0xx_HAL_Driver/Src/stm32f0xx_hal_gpio.o
 .debug_abbrev  0x0000000000001510      0x283 ./Drivers/STM32F0xx_HAL_Driver/Src/stm32f0xx_hal_rcc.o
 .debug_abbrev  0x0000000000001793      0x266 ./Drivers/STM32F0xx_HAL_Driver/Src/stm32f0xx_hal_spi.o

.debug_aranges  0x0000000000000000      0x870
 .debug_aranges
                0x0000000000000000       0xa8 ./Core/Inc/Summit/SSM1ST2420HC.o
 .debug_aranges
                0x00000000000000a8       0x68 ./Core/Src/main.o
 .debug_aranges
                0x0000000000000110       0x50 ./Core/Src/stm32f0xx_hal_msp.o
 .debug_aranges
                0x0000000000000160       0x50 ./Core/Src/stm32f0xx_it.o
 .debug_aranges
                0x00000000000001b0       0x28 ./Core/Src/system_stm32f0xx.o
 .debug_aranges
                0x00000000000001d8       0x28 ./Core/Startup/startup_stm32f091cctx.o
 .debug_aranges
                0x0000000000000200       0xd0 ./Drivers/STM32F0xx_HAL_Driver/Src/stm32f0xx_hal.o
 .debug_aranges
                0x00000000000002d0       0xf8 ./Drivers/STM32F0xx_HAL_Driver/Src/stm32f0xx_hal_adc.o
 .debug_aranges
                0x00000000000003c8      0x138 ./Drivers/STM32F0xx_HAL_Driver/Src/stm32f0xx_hal_can.o
 .debug_aranges
                0x0000000000000500       0xc0 ./Drivers/STM32F0xx_HAL_Driver/Src/stm32f0xx_hal_cortex.o
 .debug_aranges
                0x00000000000005c0       0x58 ./Drivers/STM32F0xx_HAL_Driver/Src/stm32f0xx_hal_gpio.o
 .debug_aranges
                0x0000000000000618       0x80 ./Drivers/STM32F0xx_HAL_Driver/Src/stm32f0xx_hal_rcc.o
 .debug_aranges
                0x0000000000000698      0x1d8 ./Drivers/STM32F0xx_HAL_Driver/Src/stm32f0xx_hal_spi.o

.debug_ranges   0x0000000000000000      0x7a8
 .debug_ranges  0x0000000000000000       0x98 ./Core/Inc/Summit/SSM1ST2420HC.o
 .debug_ranges  0x0000000000000098       0x58 ./Core/Src/main.o
 .debug_ranges  0x00000000000000f0       0x40 ./Core/Src/stm32f0xx_hal_msp.o
 .debug_ranges  0x0000000000000130       0x40 ./Core/Src/stm32f0xx_it.o
 .debug_ranges  0x0000000000000170       0x18 ./Core/Src/system_stm32f0xx.o
 .debug_ranges  0x0000000000000188       0x20 ./Core/Startup/startup_stm32f091cctx.o
 .debug_ranges  0x00000000000001a8       0xc0 ./Drivers/STM32F0xx_HAL_Driver/Src/stm32f0xx_hal.o
 .debug_ranges  0x0000000000000268       0xe8 ./Drivers/STM32F0xx_HAL_Driver/Src/stm32f0xx_hal_adc.o
 .debug_ranges  0x0000000000000350      0x128 ./Drivers/STM32F0xx_HAL_Driver/Src/stm32f0xx_hal_can.o
 .debug_ranges  0x0000000000000478       0xb0 ./Drivers/STM32F0xx_HAL_Driver/Src/stm32f0xx_hal_cortex.o
 .debug_ranges  0x0000000000000528       0x48 ./Drivers/STM32F0xx_HAL_Driver/Src/stm32f0xx_hal_gpio.o
 .debug_ranges  0x0000000000000570       0x70 ./Drivers/STM32F0xx_HAL_Driver/Src/stm32f0xx_hal_rcc.o
 .debug_ranges  0x00000000000005e0      0x1c8 ./Drivers/STM32F0xx_HAL_Driver/Src/stm32f0xx_hal_spi.o

.debug_macro    0x0000000000000000    0x1a50a
 .debug_macro   0x0000000000000000      0x1f3 ./Core/Inc/Summit/SSM1ST2420HC.o
 .debug_macro   0x00000000000001f3      0xa4e ./Core/Inc/Summit/SSM1ST2420HC.o
 .debug_macro   0x0000000000000c41       0x64 ./Core/Inc/Summit/SSM1ST2420HC.o
 .debug_macro   0x0000000000000ca5      0x139 ./Core/Inc/Summit/SSM1ST2420HC.o
 .debug_macro   0x0000000000000dde       0x2e ./Core/Inc/Summit/SSM1ST2420HC.o
 .debug_macro   0x0000000000000e0c       0x22 ./Core/Inc/Summit/SSM1ST2420HC.o
 .debug_macro   0x0000000000000e2e       0x22 ./Core/Inc/Summit/SSM1ST2420HC.o
 .debug_macro   0x0000000000000e50       0x8e ./Core/Inc/Summit/SSM1ST2420HC.o
 .debug_macro   0x0000000000000ede       0x51 ./Core/Inc/Summit/SSM1ST2420HC.o
 .debug_macro   0x0000000000000f2f      0x103 ./Core/Inc/Summit/SSM1ST2420HC.o
 .debug_macro   0x0000000000001032       0x6a ./Core/Inc/Summit/SSM1ST2420HC.o
 .debug_macro   0x000000000000109c      0x1df ./Core/Inc/Summit/SSM1ST2420HC.o
 .debug_macro   0x000000000000127b       0x1c ./Core/Inc/Summit/SSM1ST2420HC.o
 .debug_macro   0x0000000000001297       0x22 ./Core/Inc/Summit/SSM1ST2420HC.o
 .debug_macro   0x00000000000012b9       0xaf ./Core/Inc/Summit/SSM1ST2420HC.o
 .debug_macro   0x0000000000001368      0x391 ./Core/Inc/Summit/SSM1ST2420HC.o
 .debug_macro   0x00000000000016f9    0x10e4f ./Core/Inc/Summit/SSM1ST2420HC.o
 .debug_macro   0x0000000000012548       0x66 ./Core/Inc/Summit/SSM1ST2420HC.o
 .debug_macro   0x00000000000125ae     0x34a6 ./Core/Inc/Summit/SSM1ST2420HC.o
 .debug_macro   0x0000000000015a54      0x174 ./Core/Inc/Summit/SSM1ST2420HC.o
 .debug_macro   0x0000000000015bc8       0x55 ./Core/Inc/Summit/SSM1ST2420HC.o
 .debug_macro   0x0000000000015c1d      0x946 ./Core/Inc/Summit/SSM1ST2420HC.o
 .debug_macro   0x0000000000016563      0x69b ./Core/Inc/Summit/SSM1ST2420HC.o
 .debug_macro   0x0000000000016bfe      0x1af ./Core/Inc/Summit/SSM1ST2420HC.o
 .debug_macro   0x0000000000016dad      0x202 ./Core/Inc/Summit/SSM1ST2420HC.o
 .debug_macro   0x0000000000016faf      0x1a7 ./Core/Inc/Summit/SSM1ST2420HC.o
 .debug_macro   0x0000000000017156      0x1bc ./Core/Inc/Summit/SSM1ST2420HC.o
 .debug_macro   0x0000000000017312      0x4d0 ./Core/Inc/Summit/SSM1ST2420HC.o
 .debug_macro   0x00000000000177e2       0x3c ./Core/Inc/Summit/SSM1ST2420HC.o
 .debug_macro   0x000000000001781e       0x28 ./Core/Inc/Summit/SSM1ST2420HC.o
 .debug_macro   0x0000000000017846      0x33d ./Core/Inc/Summit/SSM1ST2420HC.o
 .debug_macro   0x0000000000017b83       0xd4 ./Core/Inc/Summit/SSM1ST2420HC.o
 .debug_macro   0x0000000000017c57      0x408 ./Core/Inc/Summit/SSM1ST2420HC.o
 .debug_macro   0x000000000001805f       0xb0 ./Core/Inc/Summit/SSM1ST2420HC.o
 .debug_macro   0x000000000001810f      0x23f ./Core/Inc/Summit/SSM1ST2420HC.o
 .debug_macro   0x000000000001834e      0x22c ./Core/Inc/Summit/SSM1ST2420HC.o
 .debug_macro   0x000000000001857a       0x61 ./Core/Inc/Summit/SSM1ST2420HC.o
 .debug_macro   0x00000000000185db       0xa5 ./Core/Inc/Summit/SSM1ST2420HC.o
 .debug_macro   0x0000000000018680       0x4c ./Core/Inc/Summit/SSM1ST2420HC.o
 .debug_macro   0x00000000000186cc      0x16d ./Core/Inc/Summit/SSM1ST2420HC.o
 .debug_macro   0x0000000000018839      0x2fe ./Core/Inc/Summit/SSM1ST2420HC.o
 .debug_macro   0x0000000000018b37      0x435 ./Core/Inc/Summit/SSM1ST2420HC.o
 .debug_macro   0x0000000000018f6c       0xe2 ./Core/Inc/Summit/SSM1ST2420HC.o
 .debug_macro   0x000000000001904e      0x1f3 ./Core/Src/main.o
 .debug_macro   0x0000000000019241      0x1f3 ./Core/Src/stm32f0xx_hal_msp.o
 .debug_macro   0x0000000000019434      0x1fd ./Core/Src/stm32f0xx_it.o
 .debug_macro   0x0000000000019631      0x1cd ./Core/Src/system_stm32f0xx.o
 .debug_macro   0x00000000000197fe      0x1f1 ./Drivers/STM32F0xx_HAL_Driver/Src/stm32f0xx_hal.o
 .debug_macro   0x00000000000199ef      0x1f1 ./Drivers/STM32F0xx_HAL_Driver/Src/stm32f0xx_hal_adc.o
 .debug_macro   0x0000000000019be0      0x1d5 ./Drivers/STM32F0xx_HAL_Driver/Src/stm32f0xx_hal_can.o
 .debug_macro   0x0000000000019db5      0x1cd ./Drivers/STM32F0xx_HAL_Driver/Src/stm32f0xx_hal_cortex.o
 .debug_macro   0x0000000000019f82      0x1d4 ./Drivers/STM32F0xx_HAL_Driver/Src/stm32f0xx_hal_gpio.o
 .debug_macro   0x000000000001a156      0x1df ./Drivers/STM32F0xx_HAL_Driver/Src/stm32f0xx_hal_rcc.o
 .debug_macro   0x000000000001a335      0x1d5 ./Drivers/STM32F0xx_HAL_Driver/Src/stm32f0xx_hal_spi.o

.debug_line     0x0000000000000000     0x9b9d
 .debug_line    0x0000000000000000      0xb7c ./Core/Inc/Summit/SSM1ST2420HC.o
 .debug_line    0x0000000000000b7c      0xa3f ./Core/Src/main.o
 .debug_line    0x00000000000015bb      0x865 ./Core/Src/stm32f0xx_hal_msp.o
 .debug_line    0x0000000000001e20      0x7e4 ./Core/Src/stm32f0xx_it.o
 .debug_line    0x0000000000002604      0x770 ./Core/Src/system_stm32f0xx.o
 .debug_line    0x0000000000002d74       0x89 ./Core/Startup/startup_stm32f091cctx.o
 .debug_line    0x0000000000002dfd      0x963 ./Drivers/STM32F0xx_HAL_Driver/Src/stm32f0xx_hal.o
 .debug_line    0x0000000000003760     0x11a9 ./Drivers/STM32F0xx_HAL_Driver/Src/stm32f0xx_hal_adc.o
 .debug_line    0x0000000000004909     0x1127 ./Drivers/STM32F0xx_HAL_Driver/Src/stm32f0xx_hal_can.o
 .debug_line    0x0000000000005a30      0xa0f ./Drivers/STM32F0xx_HAL_Driver/Src/stm32f0xx_hal_cortex.o
 .debug_line    0x000000000000643f      0xaf5 ./Drivers/STM32F0xx_HAL_Driver/Src/stm32f0xx_hal_gpio.o
 .debug_line    0x0000000000006f34      0xdf1 ./Drivers/STM32F0xx_HAL_Driver/Src/stm32f0xx_hal_rcc.o
 .debug_line    0x0000000000007d25     0x1e78 ./Drivers/STM32F0xx_HAL_Driver/Src/stm32f0xx_hal_spi.o

.debug_str      0x0000000000000000    0x9f61b
 .debug_str     0x0000000000000000    0x9d730 ./Core/Inc/Summit/SSM1ST2420HC.o
                                      0x9da4b (size before relaxing)
 .debug_str     0x000000000009d730      0x86f ./Core/Src/main.o
                                      0x9e15b (size before relaxing)
 .debug_str     0x000000000009df9f       0xbb ./Core/Src/stm32f0xx_hal_msp.o
                                      0x9dbf9 (size before relaxing)
 .debug_str     0x000000000009e05a       0xd4 ./Core/Src/stm32f0xx_it.o
                                      0x9d428 (size before relaxing)
 .debug_str     0x000000000009e12e       0x8b ./Core/Src/system_stm32f0xx.o
                                      0x9ccb6 (size before relaxing)
 .debug_str     0x000000000009e1b9       0x36 ./Core/Startup/startup_stm32f091cctx.o
                                         0x6a (size before relaxing)
 .debug_str     0x000000000009e1ef      0x370 ./Drivers/STM32F0xx_HAL_Driver/Src/stm32f0xx_hal.o
                                      0x9d2a3 (size before relaxing)
 .debug_str     0x000000000009e55f      0x33a ./Drivers/STM32F0xx_HAL_Driver/Src/stm32f0xx_hal_adc.o
                                      0x9d3c3 (size before relaxing)
 .debug_str     0x000000000009e899      0x3c4 ./Drivers/STM32F0xx_HAL_Driver/Src/stm32f0xx_hal_can.o
                                      0x9d487 (size before relaxing)
 .debug_str     0x000000000009ec5d      0x179 ./Drivers/STM32F0xx_HAL_Driver/Src/stm32f0xx_hal_cortex.o
                                      0x9d094 (size before relaxing)
 .debug_str     0x000000000009edd6       0xd3 ./Drivers/STM32F0xx_HAL_Driver/Src/stm32f0xx_hal_gpio.o
                                      0x9ce6c (size before relaxing)
 .debug_str     0x000000000009eea9      0x21a ./Drivers/STM32F0xx_HAL_Driver/Src/stm32f0xx_hal_rcc.o
                                      0x9d0fd (size before relaxing)
 .debug_str     0x000000000009f0c3      0x558 ./Drivers/STM32F0xx_HAL_Driver/Src/stm32f0xx_hal_spi.o
                                      0x9d636 (size before relaxing)

.comment        0x0000000000000000       0x50
 .comment       0x0000000000000000       0x50 ./Core/Inc/Summit/SSM1ST2420HC.o
                                         0x51 (size before relaxing)
 .comment       0x0000000000000050       0x51 ./Core/Src/main.o
 .comment       0x0000000000000050       0x51 ./Core/Src/stm32f0xx_hal_msp.o
 .comment       0x0000000000000050       0x51 ./Core/Src/stm32f0xx_it.o
 .comment       0x0000000000000050       0x51 ./Core/Src/system_stm32f0xx.o
 .comment       0x0000000000000050       0x51 ./Drivers/STM32F0xx_HAL_Driver/Src/stm32f0xx_hal.o
 .comment       0x0000000000000050       0x51 ./Drivers/STM32F0xx_HAL_Driver/Src/stm32f0xx_hal_adc.o
 .comment       0x0000000000000050       0x51 ./Drivers/STM32F0xx_HAL_Driver/Src/stm32f0xx_hal_can.o
 .comment       0x0000000000000050       0x51 ./Drivers/STM32F0xx_HAL_Driver/Src/stm32f0xx_hal_cortex.o
 .comment       0x0000000000000050       0x51 ./Drivers/STM32F0xx_HAL_Driver/Src/stm32f0xx_hal_gpio.o
 .comment       0x0000000000000050       0x51 ./Drivers/STM32F0xx_HAL_Driver/Src/stm32f0xx_hal_rcc.o
 .comment       0x0000000000000050       0x51 ./Drivers/STM32F0xx_HAL_Driver/Src/stm32f0xx_hal_spi.o

.debug_frame    0x0000000000000000     0x1ee8
 .debug_frame   0x0000000000000000      0x248 ./Core/Inc/Summit/SSM1ST2420HC.o
 .debug_frame   0x0000000000000248      0x140 ./Core/Src/main.o
 .debug_frame   0x0000000000000388       0xf0 ./Core/Src/stm32f0xx_hal_msp.o
 .debug_frame   0x0000000000000478       0xd4 ./Core/Src/stm32f0xx_it.o
 .debug_frame   0x000000000000054c       0x4c ./Core/Src/system_stm32f0xx.o
 .debug_frame   0x0000000000000598      0x2a4 ./Drivers/STM32F0xx_HAL_Driver/Src/stm32f0xx_hal.o
 .debug_frame   0x000000000000083c      0x3a0 ./Drivers/STM32F0xx_HAL_Driver/Src/stm32f0xx_hal_adc.o
 .debug_frame   0x0000000000000bdc      0x490 ./Drivers/STM32F0xx_HAL_Driver/Src/stm32f0xx_hal_can.o
 .debug_frame   0x000000000000106c      0x2a0 ./Drivers/STM32F0xx_HAL_Driver/Src/stm32f0xx_hal_cortex.o
 .debug_frame   0x000000000000130c      0x110 ./Drivers/STM32F0xx_HAL_Driver/Src/stm32f0xx_hal_gpio.o
 .debug_frame   0x000000000000141c      0x198 ./Drivers/STM32F0xx_HAL_Driver/Src/stm32f0xx_hal_rcc.o
 .debug_frame   0x00000000000015b4      0x710 ./Drivers/STM32F0xx_HAL_Driver/Src/stm32f0xx_hal_spi.o
 .debug_frame   0x0000000000001cc4       0x2c c:/st/stm32cubeide_1.9.0/stm32cubeide/plugins/com.st.stm32cube.ide.mcu.externaltools.gnu-tools-for-stm32.10.3-2021.10.win32_1.0.0.202111181127/tools/bin/../lib/gcc/arm-none-eabi/10.3.1/../../../../arm-none-eabi/lib/thumb/v6-m/nofp\libc_nano.a(lib_a-init.o)
 .debug_frame   0x0000000000001cf0       0x20 c:/st/stm32cubeide_1.9.0/stm32cubeide/plugins/com.st.stm32cube.ide.mcu.externaltools.gnu-tools-for-stm32.10.3-2021.10.win32_1.0.0.202111181127/tools/bin/../lib/gcc/arm-none-eabi/10.3.1/../../../../arm-none-eabi/lib/thumb/v6-m/nofp\libc_nano.a(lib_a-memset.o)
 .debug_frame   0x0000000000001d10       0x20 c:/st/stm32cubeide_1.9.0/stm32cubeide/plugins/com.st.stm32cube.ide.mcu.externaltools.gnu-tools-for-stm32.10.3-2021.10.win32_1.0.0.202111181127/tools/bin/../lib/gcc/arm-none-eabi/10.3.1/thumb/v6-m/nofp\libgcc.a(_udivsi3.o)
 .debug_frame   0x0000000000001d30       0x20 c:/st/stm32cubeide_1.9.0/stm32cubeide/plugins/com.st.stm32cube.ide.mcu.externaltools.gnu-tools-for-stm32.10.3-2021.10.win32_1.0.0.202111181127/tools/bin/../lib/gcc/arm-none-eabi/10.3.1/thumb/v6-m/nofp\libgcc.a(_divsi3.o)
 .debug_frame   0x0000000000001d50       0x2c c:/st/stm32cubeide_1.9.0/stm32cubeide/plugins/com.st.stm32cube.ide.mcu.externaltools.gnu-tools-for-stm32.10.3-2021.10.win32_1.0.0.202111181127/tools/bin/../lib/gcc/arm-none-eabi/10.3.1/thumb/v6-m/nofp\libgcc.a(_fixunsdfsi.o)
 .debug_frame   0x0000000000001d7c       0x3c c:/st/stm32cubeide_1.9.0/stm32cubeide/plugins/com.st.stm32cube.ide.mcu.externaltools.gnu-tools-for-stm32.10.3-2021.10.win32_1.0.0.202111181127/tools/bin/../lib/gcc/arm-none-eabi/10.3.1/thumb/v6-m/nofp\libgcc.a(muldf3.o)
 .debug_frame   0x0000000000001db8       0x3c c:/st/stm32cubeide_1.9.0/stm32cubeide/plugins/com.st.stm32cube.ide.mcu.externaltools.gnu-tools-for-stm32.10.3-2021.10.win32_1.0.0.202111181127/tools/bin/../lib/gcc/arm-none-eabi/10.3.1/thumb/v6-m/nofp\libgcc.a(subdf3.o)
 .debug_frame   0x0000000000001df4       0x2c c:/st/stm32cubeide_1.9.0/stm32cubeide/plugins/com.st.stm32cube.ide.mcu.externaltools.gnu-tools-for-stm32.10.3-2021.10.win32_1.0.0.202111181127/tools/bin/../lib/gcc/arm-none-eabi/10.3.1/thumb/v6-m/nofp\libgcc.a(fixdfsi.o)
 .debug_frame   0x0000000000001e20       0x28 c:/st/stm32cubeide_1.9.0/stm32cubeide/plugins/com.st.stm32cube.ide.mcu.externaltools.gnu-tools-for-stm32.10.3-2021.10.win32_1.0.0.202111181127/tools/bin/../lib/gcc/arm-none-eabi/10.3.1/thumb/v6-m/nofp\libgcc.a(floatunsidf.o)
 .debug_frame   0x0000000000001e48       0x38 c:/st/stm32cubeide_1.9.0/stm32cubeide/plugins/com.st.stm32cube.ide.mcu.externaltools.gnu-tools-for-stm32.10.3-2021.10.win32_1.0.0.202111181127/tools/bin/../lib/gcc/arm-none-eabi/10.3.1/thumb/v6-m/nofp\libgcc.a(eqdf2.o)
 .debug_frame   0x0000000000001e80       0x34 c:/st/stm32cubeide_1.9.0/stm32cubeide/plugins/com.st.stm32cube.ide.mcu.externaltools.gnu-tools-for-stm32.10.3-2021.10.win32_1.0.0.202111181127/tools/bin/../lib/gcc/arm-none-eabi/10.3.1/thumb/v6-m/nofp\libgcc.a(gedf2.o)
 .debug_frame   0x0000000000001eb4       0x34 c:/st/stm32cubeide_1.9.0/stm32cubeide/plugins/com.st.stm32cube.ide.mcu.externaltools.gnu-tools-for-stm32.10.3-2021.10.win32_1.0.0.202111181127/tools/bin/../lib/gcc/arm-none-eabi/10.3.1/thumb/v6-m/nofp\libgcc.a(ledf2.o)
