../Core/Inc/Summit/SSM1ST2420HC.c:23:6:TMC5160_Basic_Init	24	static
../Core/Inc/Summit/SSM1ST2420HC.c:98:6:TMC5160_Init_Stealthchop	8	static
../Core/Inc/Summit/SSM1ST2420HC.c:107:6:TMC5160_Init_Stallguard	24	static
../Core/Inc/Summit/SSM1ST2420HC.c:144:5:TMC5160_Monitor_Stallguard	24	static
../Core/Inc/Summit/SSM1ST2420HC.c:181:6:TMC5160_Basic_Rotate	16	static
../Core/Inc/Summit/SSM1ST2420HC.c:205:6:TMC5160_Rotate_To	32	static
../Core/Inc/Summit/SSM1ST2420HC.c:263:10:TMC_Get_Position	16	static
../Core/Inc/Summit/SSM1ST2420HC.c:280:6:TMC5160_Stop	8	static
../Core/Inc/Summit/SSM1ST2420HC.c:285:6:Drive_Enable	24	static
../Core/Inc/Summit/SSM1ST2420HC.c:321:10:TMC5160_SPIWrite	64	static
../Core/Inc/Summit/SSM1ST2420HC.c:382:6:TMC5160_Fault_monitor	16	static
../Core/Inc/Summit/SSM1ST2420HC.c:427:6:AMS5055_Basic_Init	8	static
../Core/Inc/Summit/SSM1ST2420HC.c:432:10:AMS5055_Get_Position	32	static
../Core/Inc/Summit/SSM1ST2420HC.c:496:9:AMSParity	24	static
../Core/Inc/Summit/SSM1ST2420HC.c:513:10:AMS5055_SPIWriteInt	48	static
../Core/Inc/Summit/SSM1ST2420HC.c:577:10:ENC_Get_Position	16	static
../Core/Inc/Summit/SSM1ST2420HC.c:592:6:Toggle_OUT	16	static
../Core/Inc/Summit/SSM1ST2420HC.c:609:5:Read_IN	24	static
../Core/Inc/Summit/SSM1ST2420HC.c:627:10:Read_AIN	16	static
