../Core/Inc/Summit/SSM1ST2420HC.c:21:6:TMC5160_Basic_Init	24	static
../Core/Inc/Summit/SSM1ST2420HC.c:96:6:TMC5160_Init_Stealthchop	8	static
../Core/Inc/Summit/SSM1ST2420HC.c:104:6:TMC5160_Init_Stallguard	24	static
../Core/Inc/Summit/SSM1ST2420HC.c:141:5:TMC5160_Monitor_Stallguard	24	static
../Core/Inc/Summit/SSM1ST2420HC.c:178:6:TMC5160_Basic_Rotate	16	static
../Core/Inc/Summit/SSM1ST2420HC.c:202:6:TMC5160_Rotate_To	32	static
../Core/Inc/Summit/SSM1ST2420HC.c:260:10:TMC_Get_Position	16	static
../Core/Inc/Summit/SSM1ST2420HC.c:277:6:TMC5160_Stop	8	static
../Core/Inc/Summit/SSM1ST2420HC.c:282:6:Drive_Enable	40	static
../Core/Inc/Summit/SSM1ST2420HC.c:339:10:TMC5160_Check_SG_Result	48	static
../Core/Inc/Summit/SSM1ST2420HC.c:358:10:TMC5160_Check_CS_Actual	48	static
../Core/Inc/Summit/SSM1ST2420HC.c:378:10:TMC5160_SPIWrite	64	static
../Core/Inc/Summit/SSM1ST2420HC.c:439:6:TMC5160_Fault_monitor	16	static
../Core/Inc/Summit/SSM1ST2420HC.c:487:6:AMS5055_Basic_Init	8	static
../Core/Inc/Summit/SSM1ST2420HC.c:492:10:AMS5055_Get_Position	32	static
../Core/Inc/Summit/SSM1ST2420HC.c:556:9:AMSParity	24	static
../Core/Inc/Summit/SSM1ST2420HC.c:573:10:AMS5055_SPIWriteInt	48	static
../Core/Inc/Summit/SSM1ST2420HC.c:637:10:ENC_Get_Position	16	static
../Core/Inc/Summit/SSM1ST2420HC.c:652:6:Toggle_OUT	16	static
../Core/Inc/Summit/SSM1ST2420HC.c:669:5:Read_IN	24	static
../Core/Inc/Summit/SSM1ST2420HC.c:687:10:Read_AIN	16	static
