../Core/Src/main.c:101:6:HAL_CAN_RxFifo0MsgPendingCallback	16	static
../Core/Src/main.c:112:6:HAL_GPIO_EXTI_Callback	16	static
../Core/Src/main.c:125:5:main	8	static
../Core/Src/main.c:244:6:SystemClock_Config	88	static
../Core/Src/main.c:281:13:MX_ADC_Init	24	static
../Core/Src/main.c:335:13:MX_CAN_Init	48	static
../Core/Src/main.c:393:13:MX_SPI1_Init	8	static
../Core/Src/main.c:433:13:MX_SPI2_Init	8	static
../Core/Src/main.c:473:13:MX_GPIO_Init	48	static
../Core/Src/main.c:534:6:Error_Handler	8	static,ignoring_inline_asm
